Component: ARM Compiler 5.06 update 6 (build 750) Tool: armlink [4d35ed]

==============================================================================

Section Cross References

    startup_stm32f103xb.o(RESET) refers to startup_stm32f103xb.o(STACK) for __initial_sp
    startup_stm32f103xb.o(RESET) refers to startup_stm32f103xb.o(.text) for Reset_Handler
    startup_stm32f103xb.o(RESET) refers to stm32f1xx_it.o(i.NMI_Handler) for NMI_Handler
    startup_stm32f103xb.o(RESET) refers to stm32f1xx_it.o(i.HardFault_Handler) for HardFault_Handler
    startup_stm32f103xb.o(RESET) refers to stm32f1xx_it.o(i.MemManage_Handler) for MemManage_Handler
    startup_stm32f103xb.o(RESET) refers to stm32f1xx_it.o(i.BusFault_Handler) for BusFault_Handler
    startup_stm32f103xb.o(RESET) refers to stm32f1xx_it.o(i.UsageFault_Handler) for UsageFault_Handler
    startup_stm32f103xb.o(RESET) refers to stm32f1xx_it.o(i.SVC_Handler) for SVC_Handler
    startup_stm32f103xb.o(RESET) refers to stm32f1xx_it.o(i.DebugMon_Handler) for DebugMon_Handler
    startup_stm32f103xb.o(RESET) refers to stm32f1xx_it.o(i.PendSV_Handler) for PendSV_Handler
    startup_stm32f103xb.o(RESET) refers to stm32f1xx_it.o(i.SysTick_Handler) for SysTick_Handler
    startup_stm32f103xb.o(RESET) refers to stm32f1xx_it.o(i.USART1_IRQHandler) for USART1_IRQHandler
    startup_stm32f103xb.o(.text) refers to system_stm32f1xx.o(i.SystemInit) for SystemInit
    startup_stm32f103xb.o(.text) refers to entry.o(.ARM.Collect$$$$00000000) for __main
    stm32f1xx_it.o(i.SysTick_Handler) refers to stm32f1xx_hal.o(i.HAL_IncTick) for HAL_IncTick
    stm32f1xx_it.o(i.USART1_IRQHandler) refers to stm32f1xx_hal_uart.o(i.HAL_UART_IRQHandler) for HAL_UART_IRQHandler
    stm32f1xx_it.o(i.USART1_IRQHandler) refers to stm32f1xx_hal_uart.o(i.HAL_UART_Receive_IT) for HAL_UART_Receive_IT
    stm32f1xx_it.o(i.USART1_IRQHandler) refers to comm.o(i._ZN5Queue7enQueueEPh) for Queue::enQueue(unsigned char*)
    stm32f1xx_it.o(i.USART1_IRQHandler) refers to main.o(.bss) for huart1
    stm32f1xx_it.o(i.USART1_IRQHandler) refers to main.o(.bss) for bufferRX
    stm32f1xx_it.o(.ARM.exidx) refers to stm32f1xx_it.o(i.NMI_Handler) for i.NMI_Handler
    stm32f1xx_it.o(.ARM.exidx) refers to stm32f1xx_it.o(i.HardFault_Handler) for i.HardFault_Handler
    stm32f1xx_it.o(.ARM.exidx) refers to stm32f1xx_it.o(i.MemManage_Handler) for i.MemManage_Handler
    stm32f1xx_it.o(.ARM.exidx) refers to stm32f1xx_it.o(i.BusFault_Handler) for i.BusFault_Handler
    stm32f1xx_it.o(.ARM.exidx) refers to stm32f1xx_it.o(i.UsageFault_Handler) for i.UsageFault_Handler
    stm32f1xx_it.o(.ARM.exidx) refers to stm32f1xx_it.o(i.SVC_Handler) for i.SVC_Handler
    stm32f1xx_it.o(.ARM.exidx) refers to stm32f1xx_it.o(i.DebugMon_Handler) for i.DebugMon_Handler
    stm32f1xx_it.o(.ARM.exidx) refers to stm32f1xx_it.o(i.PendSV_Handler) for i.PendSV_Handler
    stm32f1xx_it.o(.ARM.exidx) refers to stm32f1xx_it.o(i.SysTick_Handler) for i.SysTick_Handler
    stm32f1xx_it.o(.ARM.exidx) refers to stm32f1xx_it.o(i.USART1_IRQHandler) for i.USART1_IRQHandler
    stm32f1xx_hal_msp.o(i.HAL_SPI_MspDeInit) refers to stm32f1xx_hal_gpio.o(i.HAL_GPIO_DeInit) for HAL_GPIO_DeInit
    stm32f1xx_hal_msp.o(i.HAL_SPI_MspInit) refers to stm32f1xx_hal_gpio.o(i.HAL_GPIO_Init) for HAL_GPIO_Init
    stm32f1xx_hal_msp.o(i.HAL_TIM_MspPostInit) refers to stm32f1xx_hal_gpio.o(i.HAL_GPIO_Init) for HAL_GPIO_Init
    stm32f1xx_hal_msp.o(i.HAL_UART_MspDeInit) refers to stm32f1xx_hal_gpio.o(i.HAL_GPIO_DeInit) for HAL_GPIO_DeInit
    stm32f1xx_hal_msp.o(i.HAL_UART_MspDeInit) refers to stm32f1xx_hal_cortex.o(i.HAL_NVIC_DisableIRQ) for HAL_NVIC_DisableIRQ
    stm32f1xx_hal_msp.o(i.HAL_UART_MspInit) refers to stm32f1xx_hal_gpio.o(i.HAL_GPIO_Init) for HAL_GPIO_Init
    stm32f1xx_hal_msp.o(i.HAL_UART_MspInit) refers to stm32f1xx_hal_cortex.o(i.HAL_NVIC_SetPriority) for HAL_NVIC_SetPriority
    stm32f1xx_hal_msp.o(i.HAL_UART_MspInit) refers to stm32f1xx_hal_cortex.o(i.HAL_NVIC_EnableIRQ) for HAL_NVIC_EnableIRQ
    stm32f1xx_hal_msp.o(.ARM.exidx) refers to stm32f1xx_hal_msp.o(i.HAL_MspInit) for i.HAL_MspInit
    stm32f1xx_hal_msp.o(.ARM.exidx) refers to stm32f1xx_hal_msp.o(i.HAL_ADC_MspInit) for i.HAL_ADC_MspInit
    stm32f1xx_hal_msp.o(.ARM.exidx) refers to stm32f1xx_hal_msp.o(i.HAL_ADC_MspDeInit) for i.HAL_ADC_MspDeInit
    stm32f1xx_hal_msp.o(.ARM.exidx) refers to stm32f1xx_hal_msp.o(i.HAL_SPI_MspInit) for i.HAL_SPI_MspInit
    stm32f1xx_hal_msp.o(.ARM.exidx) refers to stm32f1xx_hal_msp.o(i.HAL_SPI_MspDeInit) for i.HAL_SPI_MspDeInit
    stm32f1xx_hal_msp.o(.ARM.exidx) refers to stm32f1xx_hal_msp.o(i.HAL_TIM_Base_MspInit) for i.HAL_TIM_Base_MspInit
    stm32f1xx_hal_msp.o(.ARM.exidx) refers to stm32f1xx_hal_msp.o(i.HAL_TIM_MspPostInit) for i.HAL_TIM_MspPostInit
    stm32f1xx_hal_msp.o(.ARM.exidx) refers to stm32f1xx_hal_msp.o(i.HAL_TIM_Base_MspDeInit) for i.HAL_TIM_Base_MspDeInit
[...]
    Removing stm32f1xx_hal_tim.o(i.HAL_TIM_OnePulse_ConfigChannel), (218 bytes).
    Removing stm32f1xx_hal_tim.o(i.HAL_TIM_OnePulse_DeInit), (56 bytes).
    Removing stm32f1xx_hal_tim.o(i.HAL_TIM_OnePulse_GetState), (6 bytes).
    Removing stm32f1xx_hal_tim.o(i.HAL_TIM_OnePulse_Init), (74 bytes).
    Removing stm32f1xx_hal_tim.o(i.HAL_TIM_OnePulse_MspDeInit), (2 bytes).
    Removing stm32f1xx_hal_tim.o(i.HAL_TIM_OnePulse_MspInit), (2 bytes).
    Removing stm32f1xx_hal_tim.o(i.HAL_TIM_OnePulse_Start), (48 bytes).
    Removing stm32f1xx_hal_tim.o(i.HAL_TIM_OnePulse_Start_IT), (68 bytes).
    Removing stm32f1xx_hal_tim.o(i.HAL_TIM_OnePulse_Stop), (88 bytes).
    Removing stm32f1xx_hal_tim.o(i.HAL_TIM_OnePulse_Stop_IT), (108 bytes).
    Removing stm32f1xx_hal_tim.o(i.HAL_TIM_PWM_DeInit), (56 bytes).
    Removing stm32f1xx_hal_tim.o(i.HAL_TIM_PWM_GetState), (6 bytes).
    Removing stm32f1xx_hal_tim.o(i.HAL_TIM_PWM_MspDeInit), (2 bytes).
    Removing stm32f1xx_hal_tim.o(i.HAL_TIM_PWM_PulseFinishedCallback), (2 bytes).
    Removing stm32f1xx_hal_tim.o(i.HAL_TIM_PWM_PulseFinishedHalfCpltCallback), (2 bytes).
    Removing stm32f1xx_hal_tim.o(i.HAL_TIM_PWM_Start), (56 bytes).
    Removing stm32f1xx_hal_tim.o(i.HAL_TIM_PWM_Start_DMA), (280 bytes).
    Removing stm32f1xx_hal_tim.o(i.HAL_TIM_PWM_Start_IT), (108 bytes).
    Removing stm32f1xx_hal_tim.o(i.HAL_TIM_PWM_Stop), (84 bytes).
    Removing stm32f1xx_hal_tim.o(i.HAL_TIM_PWM_Stop_DMA), (156 bytes).
    Removing stm32f1xx_hal_tim.o(i.HAL_TIM_PWM_Stop_IT), (128 bytes).
    Removing stm32f1xx_hal_tim.o(i.HAL_TIM_PeriodElapsedCallback), (2 bytes).
    Removing stm32f1xx_hal_tim.o(i.HAL_TIM_PeriodElapsedHalfCpltCallback), (2 bytes).
    Removing stm32f1xx_hal_tim.o(i.HAL_TIM_ReadCapturedValue), (42 bytes).
    Removing stm32f1xx_hal_tim.o(i.HAL_TIM_SlaveConfigSynchro), (86 bytes).
    Removing stm32f1xx_hal_tim.o(i.HAL_TIM_SlaveConfigSynchro_IT), (86 bytes).
    Removing stm32f1xx_hal_tim.o(i.HAL_TIM_TriggerCallback), (2 bytes).
    Removing stm32f1xx_hal_tim.o(i.HAL_TIM_TriggerHalfCpltCallback), (2 bytes).
    Removing stm32f1xx_hal_tim.o(i.TIM_CCxChannelCmd), (26 bytes).
    Removing stm32f1xx_hal_tim.o(i.TIM_DMACaptureCplt), (62 bytes).
    Removing stm32f1xx_hal_tim.o(i.TIM_DMACaptureHalfCplt), (62 bytes).
    Removing stm32f1xx_hal_tim.o(i.TIM_DMADelayPulseCplt), (62 bytes).
    Removing stm32f1xx_hal_tim.o(i.TIM_DMADelayPulseHalfCplt), (62 bytes).
    Removing stm32f1xx_hal_tim.o(i.TIM_DMAError), (16 bytes).
    Removing stm32f1xx_hal_tim.o(i.TIM_TI1_SetConfig), (88 bytes).
    Removing stm32f1xx_hal_tim.o(i._ZN41_INTERNAL_19_stm32f1xx_hal_tim_c_a9d95b5217TIM_TI2_SetConfigEP11TIM_TypeDefjjj), (54 bytes).
    Removing stm32f1xx_hal_tim.o(i._ZN41_INTERNAL_19_stm32f1xx_hal_tim_c_a9d95b5218TIM_DMATriggerCpltEP19__DMA_HandleTypeDef), (16 bytes).
    Removing stm32f1xx_hal_tim.o(i._ZN41_INTERNAL_19_stm32f1xx_hal_tim_c_a9d95b5222TIM_DMATriggerHalfCpltEP19__DMA_HandleTypeDef), (16 bytes).
    Removing stm32f1xx_hal_tim.o(i._ZN41_INTERNAL_19_stm32f1xx_hal_tim_c_a9d95b5224TIM_DMAPeriodElapsedCpltEP19__DMA_HandleTypeDef), (16 bytes).
    Removing stm32f1xx_hal_tim.o(i._ZN41_INTERNAL_19_stm32f1xx_hal_tim_c_a9d95b5224TIM_SlaveTimer_SetConfigEP17TIM_HandleTypeDefP22TIM_SlaveConfigTypeDef), (134 bytes).
    Removing stm32f1xx_hal_tim.o(i._ZN41_INTERNAL_19_stm32f1xx_hal_tim_c_a9d95b5228TIM_DMAPeriodElapsedHalfCpltEP19__DMA_HandleTypeDef), (16 bytes).
    Removing stm32f1xx_hal_tim.o(.ARM.exidx), (8 bytes).
    Removing stm32f1xx_hal_tim.o(.ARM.exidx), (8 bytes).
    Removing stm32f1xx_hal_tim.o(.ARM.exidx), (8 bytes).
    Removing stm32f1xx_hal_tim.o(.ARM.exidx), (8 bytes).
    Removing stm32f1xx_hal_tim.o(.ARM.exidx), (8 bytes).
    Removing stm32f1xx_hal_tim.o(.ARM.exidx), (8 bytes).
    Removing stm32f1xx_hal_tim.o(.ARM.exidx), (8 bytes).
    Removing stm32f1xx_hal_tim.o(.ARM.exidx), (8 bytes).
    Removing stm32f1xx_hal_tim.o(.ARM.exidx), (8 bytes).
    Removing stm32f1xx_hal_tim.o(.ARM.exidx), (8 bytes).
    Removing stm32f1xx_hal_tim.o(.ARM.exidx), (8 bytes).
    Removing stm32f1xx_hal_tim.o(.ARM.exidx), (8 bytes).
    Removing stm32f1xx_hal_tim.o(.ARM.exidx), (8 bytes).
    Removing stm32f1xx_hal_tim.o(.ARM.exidx), (8 bytes).
    Removing stm32f1xx_hal_tim.o(.ARM.exidx), (8 bytes).
    Removing stm32f1xx_hal_tim.o(.ARM.exidx), (8 bytes).
    Removing stm32f1xx_hal_tim.o(.ARM.exidx), (8 bytes).
    Removing stm32f1xx_hal_tim.o(.ARM.exidx), (8 bytes).
    Removing stm32f1xx_hal_tim.o(.ARM.exidx), (8 bytes).
    Removing stm32f1xx_hal_tim.o(.ARM.exidx), (8 bytes).
    Removing stm32f1xx_hal_tim.o(.ARM.exidx), (8 bytes).
    Removing stm32f1xx_hal_tim.o(.ARM.exidx), (8 bytes).
    Removing stm32f1xx_hal_tim.o(.ARM.exidx), (8 bytes).
    Removing stm32f1xx_hal_tim.o(.ARM.exidx), (8 bytes).
    Removing stm32f1xx_hal_tim.o(.ARM.exidx), (8 bytes).
    Removing stm32f1xx_hal_tim.o(.ARM.exidx), (8 bytes).
    Removing stm32f1xx_hal_tim.o(.ARM.exidx), (8 bytes).
    Removing stm32f1xx_hal_tim.o(.ARM.exidx), (8 bytes).
    Removing stm32f1xx_hal_tim.o(.ARM.exidx), (8 bytes).
    Removing stm32f1xx_hal_tim.o(.ARM.exidx), (8 bytes).
    Removing stm32f1xx_hal_tim.o(.ARM.exidx), (8 bytes).
    Removing stm32f1xx_hal_tim.o(.ARM.exidx), (8 bytes).
    Removing stm32f1xx_hal_tim.o(.ARM.exidx), (8 bytes).
    Removing stm32f1xx_hal_tim.o(.ARM.exidx), (8 bytes).
    Removing stm32f1xx_hal_tim.o(.ARM.exidx), (8 bytes).
    Removing stm32f1xx_hal_tim.o(.ARM.exidx), (8 bytes).
    Removing stm32f1xx_hal_tim.o(.ARM.exidx), (8 bytes).
    Removing stm32f1xx_hal_tim.o(.ARM.exidx), (8 bytes).
    Removing stm32f1xx_hal_tim.o(.ARM.exidx), (8 bytes).
    Removing stm32f1xx_hal_tim.o(.ARM.exidx), (8 bytes).
    Removing stm32f1xx_hal_tim.o(.ARM.exidx), (8 bytes).
    Removing stm32f1xx_hal_tim.o(.ARM.exidx), (8 bytes).
    Removing stm32f1xx_hal_tim.o(.ARM.exidx), (8 bytes).
    Removing stm32f1xx_hal_tim.o(.ARM.exidx), (8 bytes).
    Removing stm32f1xx_hal_tim.o(.ARM.exidx), (8 bytes).
    Removing stm32f1xx_hal_tim.o(.ARM.exidx), (8 bytes).
    Removing stm32f1xx_hal_tim.o(.ARM.exidx), (8 bytes).
    Removing stm32f1xx_hal_tim.o(.ARM.exidx), (8 bytes).
    Removing stm32f1xx_hal_tim.o(.ARM.exidx), (8 bytes).
    Removing stm32f1xx_hal_tim.o(.ARM.exidx), (8 bytes).
    Removing stm32f1xx_hal_tim.o(.ARM.exidx), (8 bytes).
    Removing stm32f1xx_hal_tim.o(.ARM.exidx), (8 bytes).
    Removing stm32f1xx_hal_tim.o(.ARM.exidx), (8 bytes).
    Removing stm32f1xx_hal_tim.o(.ARM.exidx), (8 bytes).
    Removing stm32f1xx_hal_tim.o(.ARM.exidx), (8 bytes).
    Removing stm32f1xx_hal_tim.o(.ARM.exidx), (8 bytes).
    Removing stm32f1xx_hal_tim.o(.ARM.exidx), (8 bytes).
    Removing stm32f1xx_hal_tim.o(.ARM.exidx), (8 bytes).
    Removing stm32f1xx_hal_tim.o(.ARM.exidx), (8 bytes).
    Removing stm32f1xx_hal_tim.o(.ARM.exidx), (8 bytes).
    Removing stm32f1xx_hal_tim.o(.ARM.exidx), (8 bytes).
    Removing stm32f1xx_hal_tim.o(.ARM.exidx), (8 bytes).
    Removing stm32f1xx_hal_tim.o(.ARM.exidx), (8 bytes).
    Removing stm32f1xx_hal_tim.o(.ARM.exidx), (8 bytes).
    Removing stm32f1xx_hal_tim.o(.ARM.exidx), (8 bytes).
    Removing stm32f1xx_hal_tim.o(.ARM.exidx), (8 bytes).
    Removing stm32f1xx_hal_tim.o(.ARM.exidx), (8 bytes).
    Removing stm32f1xx_hal_tim.o(.ARM.exidx), (8 bytes).
    Removing stm32f1xx_hal_tim.o(.ARM.exidx), (8 bytes).
    Removing stm32f1xx_hal_tim.o(.ARM.exidx), (8 bytes).
    Removing stm32f1xx_hal_tim.o(.ARM.exidx), (8 bytes).
    Removing stm32f1xx_hal_tim.o(.ARM.exidx), (8 bytes).
    Removing stm32f1xx_hal_tim.o(.ARM.exidx), (8 bytes).
    Removing stm32f1xx_hal_tim.o(.ARM.exidx), (8 bytes).
    Removing stm32f1xx_hal_tim.o(.ARM.exidx), (8 bytes).
    Removing stm32f1xx_hal_tim.o(.ARM.exidx), (8 bytes).
    Removing stm32f1xx_hal_tim.o(.ARM.exidx), (8 bytes).
    Removing stm32f1xx_hal_tim.o(.ARM.exidx), (8 bytes).
    Removing stm32f1xx_hal_tim.o(.ARM.exidx), (8 bytes).
    Removing stm32f1xx_hal_tim.o(.ARM.exidx), (8 bytes).
    Removing stm32f1xx_hal_tim.o(.ARM.exidx), (8 bytes).
    Removing stm32f1xx_hal_tim.o(.ARM.exidx), (8 bytes).
    Removing stm32f1xx_hal_tim.o(.ARM.exidx), (8 bytes).
    Removing stm32f1xx_hal_tim.o(.ARM.exidx), (8 bytes).
    Removing stm32f1xx_hal_tim.o(.ARM.exidx), (8 bytes).
    Removing stm32f1xx_hal_tim.o(.ARM.exidx), (8 bytes).
    Removing stm32f1xx_hal_tim.o(.ARM.exidx), (8 bytes).
    Removing stm32f1xx_hal_tim.o(.ARM.exidx), (8 bytes).
    Removing stm32f1xx_hal_tim.o(.ARM.exidx), (8 bytes).
    Removing stm32f1xx_hal_tim.o(.ARM.exidx), (8 bytes).
    Removing stm32f1xx_hal_tim.o(.ARM.exidx), (8 bytes).
    Removing stm32f1xx_hal_tim.o(.ARM.exidx), (8 bytes).
    Removing stm32f1xx_hal_tim.o(.ARM.exidx), (8 bytes).
    Removing stm32f1xx_hal_tim.o(.ARM.exidx), (8 bytes).
    Removing stm32f1xx_hal_tim.o(.ARM.exidx), (8 bytes).
    Removing stm32f1xx_hal_tim.o(.ARM.exidx), (8 bytes).
    Removing stm32f1xx_hal_tim.o(.ARM.exidx), (8 bytes).
    Removing stm32f1xx_hal_tim.o(.ARM.exidx), (8 bytes).
    Removing stm32f1xx_hal_tim.o(.ARM.exidx), (8 bytes).
    Removing stm32f1xx_hal_tim.o(.ARM.exidx), (8 bytes).
    Removing stm32f1xx_hal_tim.o(.ARM.exidx), (8 bytes).
    Removing stm32f1xx_hal_tim.o(.ARM.exidx), (8 bytes).
    Removing stm32f1xx_hal_tim.o(.ARM.exidx), (8 bytes).
    Removing stm32f1xx_hal_tim.o(.ARM.exidx), (8 bytes).
    Removing stm32f1xx_hal_tim.o(.ARM.exidx), (8 bytes).
    Removing stm32f1xx_hal_tim.o(.ARM.exidx), (8 bytes).
    Removing stm32f1xx_hal_tim.o(.ARM.exidx), (8 bytes).
    Removing stm32f1xx_hal_tim.o(.ARM.exidx), (8 bytes).
    Removing stm32f1xx_hal_tim.o(.ARM.exidx), (8 bytes).
    Removing stm32f1xx_hal_tim.o(.ARM.exidx), (8 bytes).
    Removing stm32f1xx_hal_tim.o(.ARM.exidx), (8 bytes).
    Removing stm32f1xx_hal_tim.o(.ARM.exidx), (8 bytes).
    Removing stm32f1xx_hal_tim_ex.o(.rev16_text), (4 bytes).
    Removing stm32f1xx_hal_tim_ex.o(.revsh_text), (4 bytes).
    Removing stm32f1xx_hal_tim_ex.o(.rrx_text), (6 bytes).
    Removing stm32f1xx_hal_tim_ex.o(i.HAL_TIMEx_BreakCallback), (2 bytes).
    Removing stm32f1xx_hal_tim_ex.o(i.HAL_TIMEx_CommutCallback), (2 bytes).
    Removing stm32f1xx_hal_tim_ex.o(i.HAL_TIMEx_CommutHalfCpltCallback), (2 bytes).
    Removing stm32f1xx_hal_tim_ex.o(i.HAL_TIMEx_ConfigBreakDeadTime), (84 bytes).
    Removing stm32f1xx_hal_tim_ex.o(i.HAL_TIMEx_ConfigCommutEvent), (112 bytes).
    Removing stm32f1xx_hal_tim_ex.o(i.HAL_TIMEx_ConfigCommutEvent_DMA), (144 bytes).
    Removing stm32f1xx_hal_tim_ex.o(i.HAL_TIMEx_ConfigCommutEvent_IT), (112 bytes).
    Removing stm32f1xx_hal_tim_ex.o(i.HAL_TIMEx_HallSensor_DeInit), (56 bytes).
    Removing stm32f1xx_hal_tim_ex.o(i.HAL_TIMEx_HallSensor_GetState), (6 bytes).
    Removing stm32f1xx_hal_tim_ex.o(i.HAL_TIMEx_HallSensor_Init), (188 bytes).
    Removing stm32f1xx_hal_tim_ex.o(i.HAL_TIMEx_HallSensor_MspDeInit), (2 bytes).
    Removing stm32f1xx_hal_tim_ex.o(i.HAL_TIMEx_HallSensor_MspInit), (2 bytes).
    Removing stm32f1xx_hal_tim_ex.o(i.HAL_TIMEx_HallSensor_Start), (38 bytes).
    Removing stm32f1xx_hal_tim_ex.o(i.HAL_TIMEx_HallSensor_Start_DMA), (128 bytes).
    Removing stm32f1xx_hal_tim_ex.o(i.HAL_TIMEx_HallSensor_Start_IT), (48 bytes).
    Removing stm32f1xx_hal_tim_ex.o(i.HAL_TIMEx_HallSensor_Stop), (46 bytes).
    Removing stm32f1xx_hal_tim_ex.o(i.HAL_TIMEx_HallSensor_Stop_DMA), (62 bytes).
    Removing stm32f1xx_hal_tim_ex.o(i.HAL_TIMEx_HallSensor_Stop_IT), (56 bytes).
    Removing stm32f1xx_hal_tim_ex.o(i.HAL_TIMEx_OCN_Start), (46 bytes).
    Removing stm32f1xx_hal_tim_ex.o(i.HAL_TIMEx_OCN_Start_DMA), (228 bytes).
    Removing stm32f1xx_hal_tim_ex.o(i.HAL_TIMEx_OCN_Start_IT), (94 bytes).
    Removing stm32f1xx_hal_tim_ex.o(i.HAL_TIMEx_OCN_Stop), (68 bytes).
    Removing stm32f1xx_hal_tim_ex.o(i.HAL_TIMEx_OCN_Stop_DMA), (130 bytes).
    Removing stm32f1xx_hal_tim_ex.o(i.HAL_TIMEx_OCN_Stop_IT), (122 bytes).
    Removing stm32f1xx_hal_tim_ex.o(i.HAL_TIMEx_OnePulseN_Start), (26 bytes).
    Removing stm32f1xx_hal_tim_ex.o(i.HAL_TIMEx_OnePulseN_Start_IT), (46 bytes).
    Removing stm32f1xx_hal_tim_ex.o(i.HAL_TIMEx_OnePulseN_Stop), (68 bytes).
    Removing stm32f1xx_hal_tim_ex.o(i.HAL_TIMEx_OnePulseN_Stop_IT), (88 bytes).
    Removing stm32f1xx_hal_tim_ex.o(i.HAL_TIMEx_PWMN_Start), (46 bytes).
    Removing stm32f1xx_hal_tim_ex.o(i.HAL_TIMEx_PWMN_Start_DMA), (228 bytes).
    Removing stm32f1xx_hal_tim_ex.o(i.HAL_TIMEx_PWMN_Start_IT), (94 bytes).
    Removing stm32f1xx_hal_tim_ex.o(i.HAL_TIMEx_PWMN_Stop), (68 bytes).
    Removing stm32f1xx_hal_tim_ex.o(i.HAL_TIMEx_PWMN_Stop_DMA), (130 bytes).
    Removing stm32f1xx_hal_tim_ex.o(i.HAL_TIMEx_PWMN_Stop_IT), (122 bytes).
    Removing stm32f1xx_hal_tim_ex.o(i.HAL_TIMEx_RemapConfig), (4 bytes).
    Removing stm32f1xx_hal_tim_ex.o(i.TIMEx_DMACommutationCplt), (16 bytes).
    Removing stm32f1xx_hal_tim_ex.o(i.TIMEx_DMACommutationHalfCplt), (16 bytes).
    Removing stm32f1xx_hal_tim_ex.o(i._ZN44_INTERNAL_22_stm32f1xx_hal_tim_ex_c_e8ef392018TIM_CCxNChannelCmdEP11TIM_TypeDefjj), (26 bytes).
    Removing stm32f1xx_hal_tim_ex.o(.ARM.exidx), (8 bytes).
    Removing stm32f1xx_hal_tim_ex.o(.ARM.exidx), (8 bytes).
    Removing stm32f1xx_hal_tim_ex.o(.ARM.exidx), (8 bytes).
    Removing stm32f1xx_hal_tim_ex.o(.ARM.exidx), (8 bytes).
    Removing stm32f1xx_hal_tim_ex.o(.ARM.exidx), (8 bytes).
    Removing stm32f1xx_hal_tim_ex.o(.ARM.exidx), (8 bytes).
    Removing stm32f1xx_hal_tim_ex.o(.ARM.exidx), (8 bytes).
    Removing stm32f1xx_hal_tim_ex.o(.ARM.exidx), (8 bytes).
    Removing stm32f1xx_hal_tim_ex.o(.ARM.exidx), (8 bytes).
    Removing stm32f1xx_hal_tim_ex.o(.ARM.exidx), (8 bytes).
    Removing stm32f1xx_hal_tim_ex.o(.ARM.exidx), (8 bytes).
    Removing stm32f1xx_hal_tim_ex.o(.ARM.exidx), (8 bytes).
    Removing stm32f1xx_hal_tim_ex.o(.ARM.exidx), (8 bytes).
    Removing stm32f1xx_hal_tim_ex.o(.ARM.exidx), (8 bytes).
    Removing stm32f1xx_hal_tim_ex.o(.ARM.exidx), (8 bytes).
    Removing stm32f1xx_hal_tim_ex.o(.ARM.exidx), (8 bytes).
    Removing stm32f1xx_hal_tim_ex.o(.ARM.exidx), (8 bytes).
    Removing stm32f1xx_hal_tim_ex.o(.ARM.exidx), (8 bytes).
    Removing stm32f1xx_hal_tim_ex.o(.ARM.exidx), (8 bytes).
    Removing stm32f1xx_hal_tim_ex.o(.ARM.exidx), (8 bytes).
    Removing stm32f1xx_hal_tim_ex.o(.ARM.exidx), (8 bytes).
    Removing stm32f1xx_hal_tim_ex.o(.ARM.exidx), (8 bytes).
    Removing stm32f1xx_hal_tim_ex.o(.ARM.exidx), (8 bytes).
    Removing stm32f1xx_hal_tim_ex.o(.ARM.exidx), (8 bytes).
    Removing stm32f1xx_hal_tim_ex.o(.ARM.exidx), (8 bytes).
    Removing stm32f1xx_hal_tim_ex.o(.ARM.exidx), (8 bytes).
    Removing stm32f1xx_hal_tim_ex.o(.ARM.exidx), (8 bytes).
    Removing stm32f1xx_hal_tim_ex.o(.ARM.exidx), (8 bytes).
    Removing stm32f1xx_hal_tim_ex.o(.ARM.exidx), (8 bytes).
    Removing stm32f1xx_hal_tim_ex.o(.ARM.exidx), (8 bytes).
    Removing stm32f1xx_hal_tim_ex.o(.ARM.exidx), (8 bytes).
    Removing stm32f1xx_hal_tim_ex.o(.ARM.exidx), (8 bytes).
    Removing stm32f1xx_hal_tim_ex.o(.ARM.exidx), (8 bytes).
    Removing stm32f1xx_hal_tim_ex.o(.ARM.exidx), (8 bytes).
    Removing stm32f1xx_hal_tim_ex.o(.ARM.exidx), (8 bytes).
    Removing stm32f1xx_hal_tim_ex.o(.ARM.exidx), (8 bytes).
    Removing stm32f1xx_hal_tim_ex.o(.ARM.exidx), (8 bytes).
    Removing stm32f1xx_hal_tim_ex.o(.ARM.exidx), (8 bytes).
    Removing stm32f1xx_hal_tim_ex.o(.ARM.exidx), (8 bytes).
    Removing stm32f1xx_hal_uart.o(.rev16_text), (4 bytes).
    Removing stm32f1xx_hal_uart.o(.revsh_text), (4 bytes).
    Removing stm32f1xx_hal_uart.o(.rrx_text), (6 bytes).
    Removing stm32f1xx_hal_uart.o(i.HAL_HalfDuplex_EnableReceiver), (50 bytes).
    Removing stm32f1xx_hal_uart.o(i.HAL_HalfDuplex_EnableTransmitter), (50 bytes).
    Removing stm32f1xx_hal_uart.o(i.HAL_HalfDuplex_Init), (108 bytes).
    Removing stm32f1xx_hal_uart.o(i.HAL_LIN_Init), (128 bytes).
    Removing stm32f1xx_hal_uart.o(i.HAL_LIN_SendBreak), (46 bytes).
    Removing stm32f1xx_hal_uart.o(i.HAL_MultiProcessor_EnterMuteMode), (46 bytes).
    Removing stm32f1xx_hal_uart.o(i.HAL_MultiProcessor_ExitMuteMode), (46 bytes).
    Removing stm32f1xx_hal_uart.o(i.HAL_MultiProcessor_Init), (142 bytes).
    Removing stm32f1xx_hal_uart.o(i.HAL_UART_Abort), (138 bytes).
    Removing stm32f1xx_hal_uart.o(i.HAL_UART_AbortCpltCallback), (2 bytes).
    Removing stm32f1xx_hal_uart.o(i.HAL_UART_AbortReceive), (88 bytes).
    Removing stm32f1xx_hal_uart.o(i.HAL_UART_AbortReceiveCpltCallback), (2 bytes).
    Removing stm32f1xx_hal_uart.o(i.HAL_UART_AbortReceive_IT), (92 bytes).
    Removing stm32f1xx_hal_uart.o(i.HAL_UART_AbortTransmit), (78 bytes).
    Removing stm32f1xx_hal_uart.o(i.HAL_UART_AbortTransmitCpltCallback), (2 bytes).
    Removing stm32f1xx_hal_uart.o(i.HAL_UART_AbortTransmit_IT), (84 bytes).
    Removing stm32f1xx_hal_uart.o(i.HAL_UART_Abort_IT), (172 bytes).
    Removing stm32f1xx_hal_uart.o(i.HAL_UART_DMAPause), (102 bytes).
    Removing stm32f1xx_hal_uart.o(i.HAL_UART_DMAResume), (94 bytes).
    Removing stm32f1xx_hal_uart.o(i.HAL_UART_DMAStop), (88 bytes).
    Removing stm32f1xx_hal_uart.o(i.HAL_UART_DeInit), (50 bytes).
    Removing stm32f1xx_hal_uart.o(i.HAL_UART_GetError), (4 bytes).
    Removing stm32f1xx_hal_uart.o(i.HAL_UART_GetState), (10 bytes).
    Removing stm32f1xx_hal_uart.o(i.HAL_UART_MspDeInit), (2 bytes).
    Removing stm32f1xx_hal_uart.o(i.HAL_UART_MspInit), (2 bytes).
    Removing stm32f1xx_hal_uart.o(i.HAL_UART_Receive), (184 bytes).
    Removing stm32f1xx_hal_uart.o(i.HAL_UART_Receive_DMA), (152 bytes).
    Removing stm32f1xx_hal_uart.o(i.HAL_UART_RxHalfCpltCallback), (2 bytes).
    Removing stm32f1xx_hal_uart.o(i.HAL_UART_Transmit), (186 bytes).
    Removing stm32f1xx_hal_uart.o(i.HAL_UART_Transmit_DMA), (128 bytes).
    Removing stm32f1xx_hal_uart.o(i.HAL_UART_TxHalfCpltCallback), (2 bytes).
    Removing stm32f1xx_hal_uart.o(i._ZN42_INTERNAL_20_stm32f1xx_hal_uart_c_d497114f13UART_DMAErrorEP19__DMA_HandleTypeDef), (74 bytes).
    Removing stm32f1xx_hal_uart.o(i._ZN42_INTERNAL_20_stm32f1xx_hal_uart_c_d497114f18UART_DMARxHalfCpltEP19__DMA_HandleTypeDef), (10 bytes).
    Removing stm32f1xx_hal_uart.o(i._ZN42_INTERNAL_20_stm32f1xx_hal_uart_c_d497114f18UART_DMATxHalfCpltEP19__DMA_HandleTypeDef), (10 bytes).
    Removing stm32f1xx_hal_uart.o(i._ZN42_INTERNAL_20_stm32f1xx_hal_uart_c_d497114f18UART_EndTxTransferEP20__UART_HandleTypeDef), (18 bytes).
    Removing stm32f1xx_hal_uart.o(i._ZN42_INTERNAL_20_stm32f1xx_hal_uart_c_d497114f19UART_DMAReceiveCpltEP19__DMA_HandleTypeDef), (60 bytes).
    Removing stm32f1xx_hal_uart.o(i._ZN42_INTERNAL_20_stm32f1xx_hal_uart_c_d497114f20UART_DMATransmitCpltEP19__DMA_HandleTypeDef), (46 bytes).
    Removing stm32f1xx_hal_uart.o(i._ZN42_INTERNAL_20_stm32f1xx_hal_uart_c_d497114f23UART_DMARxAbortCallbackEP19__DMA_HandleTypeDef), (42 bytes).
    Removing stm32f1xx_hal_uart.o(i._ZN42_INTERNAL_20_stm32f1xx_hal_uart_c_d497114f23UART_DMATxAbortCallbackEP19__DMA_HandleTypeDef), (42 bytes).
    Removing stm32f1xx_hal_uart.o(i._ZN42_INTERNAL_20_stm32f1xx_hal_uart_c_d497114f27UART_DMARxOnlyAbortCallbackEP19__DMA_HandleTypeDef), (20 bytes).
    Removing stm32f1xx_hal_uart.o(i._ZN42_INTERNAL_20_stm32f1xx_hal_uart_c_d497114f27UART_DMATxOnlyAbortCallbackEP19__DMA_HandleTypeDef), (20 bytes).
    Removing stm32f1xx_hal_uart.o(i._ZN42_INTERNAL_20_stm32f1xx_hal_uart_c_d497114f27UART_WaitOnFlagUntilTimeoutEP20__UART_HandleTypeDefj10FlagStatusjj), (100 bytes).
    Removing stm32f1xx_hal_uart.o(.ARM.exidx), (8 bytes).
    Removing stm32f1xx_hal_uart.o(.ARM.exidx), (8 bytes).
    Removing stm32f1xx_hal_uart.o(.ARM.exidx), (8 bytes).
    Removing stm32f1xx_hal_uart.o(.ARM.exidx), (8 bytes).
    Removing stm32f1xx_hal_uart.o(.ARM.exidx), (8 bytes).
    Removing stm32f1xx_hal_uart.o(.ARM.exidx), (8 bytes).
    Removing stm32f1xx_hal_uart.o(.ARM.exidx), (8 bytes).
    Removing stm32f1xx_hal_uart.o(.ARM.exidx), (8 bytes).
    Removing stm32f1xx_hal_uart.o(.ARM.exidx), (8 bytes).
    Removing stm32f1xx_hal_uart.o(.ARM.exidx), (8 bytes).
    Removing stm32f1xx_hal_uart.o(.ARM.exidx), (8 bytes).
    Removing stm32f1xx_hal_uart.o(.ARM.exidx), (8 bytes).
    Removing stm32f1xx_hal_uart.o(.ARM.exidx), (8 bytes).
    Removing stm32f1xx_hal_uart.o(.ARM.exidx), (8 bytes).
    Removing stm32f1xx_hal_uart.o(.ARM.exidx), (8 bytes).
    Removing stm32f1xx_hal_uart.o(.ARM.exidx), (8 bytes).
    Removing stm32f1xx_hal_uart.o(.ARM.exidx), (8 bytes).
    Removing stm32f1xx_hal_uart.o(.ARM.exidx), (8 bytes).
    Removing stm32f1xx_hal_uart.o(.ARM.exidx), (8 bytes).
    Removing stm32f1xx_hal_uart.o(.ARM.exidx), (8 bytes).
    Removing stm32f1xx_hal_uart.o(.ARM.exidx), (8 bytes).
    Removing stm32f1xx_hal_uart.o(.ARM.exidx), (8 bytes).
    Removing stm32f1xx_hal_uart.o(.ARM.exidx), (8 bytes).
    Removing stm32f1xx_hal_uart.o(.ARM.exidx), (8 bytes).
    Removing stm32f1xx_hal_uart.o(.ARM.exidx), (8 bytes).
    Removing stm32f1xx_hal_uart.o(.ARM.exidx), (8 bytes).
    Removing stm32f1xx_hal_uart.o(.ARM.exidx), (8 bytes).
    Removing stm32f1xx_hal_uart.o(.ARM.exidx), (8 bytes).
    Removing stm32f1xx_hal_uart.o(.ARM.exidx), (8 bytes).
    Removing stm32f1xx_hal_uart.o(.ARM.exidx), (8 bytes).
    Removing stm32f1xx_hal_uart.o(.ARM.exidx), (8 bytes).
    Removing stm32f1xx_hal_uart.o(.ARM.exidx), (8 bytes).
    Removing stm32f1xx_hal_uart.o(.ARM.exidx), (8 bytes).
    Removing stm32f1xx_hal_uart.o(.ARM.exidx), (8 bytes).
    Removing stm32f1xx_hal_uart.o(.ARM.exidx), (8 bytes).
    Removing stm32f1xx_hal_uart.o(.ARM.exidx), (8 bytes).
    Removing stm32f1xx_hal_uart.o(.ARM.exidx), (8 bytes).
    Removing stm32f1xx_hal_uart.o(.ARM.exidx), (8 bytes).
    Removing stm32f1xx_hal_uart.o(.ARM.exidx), (8 bytes).
    Removing stm32f1xx_hal_uart.o(.ARM.exidx), (8 bytes).
    Removing stm32f1xx_hal_uart.o(.ARM.exidx), (8 bytes).
    Removing stm32f1xx_hal_uart.o(.ARM.exidx), (8 bytes).
    Removing stm32f1xx_hal_uart.o(.ARM.exidx), (8 bytes).
    Removing stm32f1xx_hal_uart.o(.ARM.exidx), (8 bytes).
    Removing stm32f1xx_hal_uart.o(.ARM.exidx), (8 bytes).
    Removing stm32f1xx_hal_uart.o(.ARM.exidx), (8 bytes).
    Removing stm32f1xx_hal_uart.o(.ARM.exidx), (8 bytes).
    Removing stm32f1xx_hal_uart.o(.ARM.exidx), (8 bytes).
    Removing stm32f1xx_hal_uart.o(.ARM.exidx), (8 bytes).
    Removing stm32f1xx_hal_uart.o(.ARM.exidx), (8 bytes).
    Removing stm32f1xx_hal_uart.o(.ARM.exidx), (8 bytes).
    Removing stm32f1xx_hal_uart.o(.ARM.exidx), (8 bytes).
    Removing stm32f1xx_hal_uart.o(.ARM.exidx), (8 bytes).
    Removing stm32f1xx_hal_uart.o(.ARM.exidx), (8 bytes).
    Removing system_stm32f1xx.o(.rev16_text), (4 bytes).
    Removing system_stm32f1xx.o(.revsh_text), (4 bytes).
    Removing system_stm32f1xx.o(.rrx_text), (6 bytes).
    Removing system_stm32f1xx.o(i.SystemCoreClockUpdate), (104 bytes).
    Removing system_stm32f1xx.o(.ARM.exidx), (8 bytes).
    Removing system_stm32f1xx.o(.ARM.exidx), (8 bytes).
    Removing comm.o(.ARM.exidx), (8 bytes).
    Removing comm.o(.ARM.exidx), (8 bytes).
    Removing comm.o(.ARM.exidx), (8 bytes).
    Removing comm.o(.ARM.exidx), (8 bytes).
    Removing comm.o(.ARM.exidx), (8 bytes).
    Removing comm.o(.ARM.exidx), (8 bytes).
    Removing comm.o(.ARM.exidx), (8 bytes).
    Removing stepctrl.o(.rev16_text), (4 bytes).
    Removing stepctrl.o(.revsh_text), (4 bytes).
    Removing stepctrl.o(.rrx_text), (6 bytes).
    Removing stepctrl.o(i._ZN7Stepper11getPositionEv), (4 bytes).
    Removing stepctrl.o(i._ZN7Stepper11setPositionEf), (72 bytes).
    Removing stepctrl.o(i._ZN7Stepper12returnToHomeEv), (2 bytes).
    Removing stepctrl.o(i._ZN7Stepper12setDirectionEb), (24 bytes).
    Removing stepctrl.o(i._ZN7Stepper14calculateStepsEf), (20 bytes).
    Removing stepctrl.o(i._ZN7Stepper6enableEb), (2 bytes).
    Removing stepctrl.o(i._ZN7Stepper7disableEb), (2 bytes).
    Removing stepctrl.o(i._ZN7Stepper7setHomeEv), (2 bytes).
    Removing stepctrl.o(.ARM.exidx), (8 bytes).
    Removing stepctrl.o(.ARM.exidx), (8 bytes).
    Removing stepctrl.o(.ARM.exidx), (8 bytes).
    Removing stepctrl.o(.ARM.exidx), (8 bytes).
    Removing stepctrl.o(.ARM.exidx), (8 bytes).
    Removing stepctrl.o(.ARM.exidx), (8 bytes).
    Removing stepctrl.o(.ARM.exidx), (8 bytes).
    Removing stepctrl.o(.ARM.exidx), (8 bytes).
    Removing stepctrl.o(.ARM.exidx), (8 bytes).
    Removing stepctrl.o(.ARM.exidx), (8 bytes).
    Removing fdiv.o(.text), (124 bytes).
    Removing ffixi.o(.text), (50 bytes).

957 unused section(s) (total 32988 bytes) removed from the image.

==============================================================================

Image Symbol Table

    Local Symbols

    Symbol Name                              Value     Ov Type        Size  Object(Section)

    ../Drivers/STM32F1xx_HAL_Driver/Src/stm32f1xx_hal.c 0x00000000   Number         0  stm32f1xx_hal.o ABSOLUTE
    ../Drivers/STM32F1xx_HAL_Driver/Src/stm32f1xx_hal_adc.c 0x00000000   Number         0  stm32f1xx_hal_adc.o ABSOLUTE
    ../Drivers/STM32F1xx_HAL_Driver/Src/stm32f1xx_hal_adc_ex.c 0x00000000   Number         0  stm32f1xx_hal_adc_ex.o ABSOLUTE
    ../Drivers/STM32F1xx_HAL_Driver/Src/stm32f1xx_hal_cortex.c 0x00000000   Number         0  stm32f1xx_hal_cortex.o ABSOLUTE
    ../Drivers/STM32F1xx_HAL_Driver/Src/stm32f1xx_hal_dma.c 0x00000000   Number         0  stm32f1xx_hal_dma.o ABSOLUTE
    ../Drivers/STM32F1xx_HAL_Driver/Src/stm32f1xx_hal_exti.c 0x00000000   Number         0  stm32f1xx_hal_exti.o ABSOLUTE
    ../Drivers/STM32F1xx_HAL_Driver/Src/stm32f1xx_hal_flash.c 0x00000000   Number         0  stm32f1xx_hal_flash.o ABSOLUTE
    ../Drivers/STM32F1xx_HAL_Driver/Src/stm32f1xx_hal_flash_ex.c 0x00000000   Number         0  stm32f1xx_hal_flash_ex.o ABSOLUTE
    ../Drivers/STM32F1xx_HAL_Driver/Src/stm32f1xx_hal_gpio.c 0x00000000   Number         0  stm32f1xx_hal_gpio.o ABSOLUTE
    ../Drivers/STM32F1xx_HAL_Driver/Src/stm32f1xx_hal_gpio_ex.c 0x00000000   Number         0  stm32f1xx_hal_gpio_ex.o ABSOLUTE
    ../Drivers/STM32F1xx_HAL_Driver/Src/stm32f1xx_hal_pwr.c 0x00000000   Number         0  stm32f1xx_hal_pwr.o ABSOLUTE
    ../Drivers/STM32F1xx_HAL_Driver/Src/stm32f1xx_hal_rcc.c 0x00000000   Number         0  stm32f1xx_hal_rcc.o ABSOLUTE
    ../Drivers/STM32F1xx_HAL_Driver/Src/stm32f1xx_hal_rcc_ex.c 0x00000000   Number         0  stm32f1xx_hal_rcc_ex.o ABSOLUTE
    ../Drivers/STM32F1xx_HAL_Driver/Src/stm32f1xx_hal_spi.c 0x00000000   Number         0  stm32f1xx_hal_spi.o ABSOLUTE
    ../Drivers/STM32F1xx_HAL_Driver/Src/stm32f1xx_hal_tim.c 0x00000000   Number         0  stm32f1xx_hal_tim.o ABSOLUTE
    ../Drivers/STM32F1xx_HAL_Driver/Src/stm32f1xx_hal_tim_ex.c 0x00000000   Number         0  stm32f1xx_hal_tim_ex.o ABSOLUTE
    ../Drivers/STM32F1xx_HAL_Driver/Src/stm32f1xx_hal_uart.c 0x00000000   Number         0  stm32f1xx_hal_uart.o ABSOLUTE
    ../Src/stm32f1xx_hal_msp.c               0x00000000   Number         0  stm32f1xx_hal_msp.o ABSOLUTE
    ../Src/stm32f1xx_it.c                    0x00000000   Number         0  stm32f1xx_it.o ABSOLUTE
    ../Src/system_stm32f1xx.c                0x00000000   Number         0  system_stm32f1xx.o ABSOLUTE
    ../clib/microlib/cpp/cpp_dtor.c          0x00000000   Number         0  cpp_dtor.o ABSOLUTE
    ../clib/microlib/cpp/cpp_final.c         0x00000000   Number         0  cpp_final.o ABSOLUTE
    ../clib/microlib/cpp/cpp_init.c          0x00000000   Number         0  cpp_init.o ABSOLUTE
    ../clib/microlib/cpp/cpp_init.c          0x00000000   Number         0  cpp_init.o ABSOLUTE
    ../clib/microlib/init/entry.s            0x00000000   Number         0  entry2.o ABSOLUTE
    ../clib/microlib/init/entry.s            0x00000000   Number         0  entry5.o ABSOLUTE
    ../clib/microlib/init/entry.s            0x00000000   Number         0  entry7a.o ABSOLUTE
    ../clib/microlib/init/entry.s            0x00000000   Number         0  entry9b.o ABSOLUTE
    ../clib/microlib/init/entry.s            0x00000000   Number         0  entry8a.o ABSOLUTE
    ../clib/microlib/init/entry.s            0x00000000   Number         0  entry8b.o ABSOLUTE
    ../clib/microlib/init/entry.s            0x00000000   Number         0  entry11b.o ABSOLUTE
    ../clib/microlib/init/entry.s            0x00000000   Number         0  entry7b.o ABSOLUTE
    ../clib/microlib/init/entry.s            0x00000000   Number         0  entry11a.o ABSOLUTE
    ../clib/microlib/init/entry.s            0x00000000   Number         0  entry9a.o ABSOLUTE
    ../clib/microlib/init/entry.s            0x00000000   Number         0  entry10b.o ABSOLUTE
    ../clib/microlib/init/entry.s            0x00000000   Number         0  entry10a.o ABSOLUTE
    ../clib/microlib/init/entry.s            0x00000000   Number         0  entry.o ABSOLUTE
    ../clib/microlib/longlong.c              0x00000000   Number         0  llushr.o ABSOLUTE
    ../clib/microlib/malloc/malloc.c         0x00000000   Number         0  mallocra.o ABSOLUTE
    ../clib/microlib/malloc/malloc.c         0x00000000   Number         0  malloca.o ABSOLUTE
    ../clib/microlib/malloc/malloc.c         0x00000000   Number         0  malloc.o ABSOLUTE
    ../clib/microlib/malloc/malloc.c         0x00000000   Number         0  mallocr.o ABSOLUTE
    ../clib/microlib/malloc/mvars.c          0x00000000   Number         0  mvars.o ABSOLUTE
    ../clib/microlib/string/memcpy.c         0x00000000   Number         0  memcpyb.o ABSOLUTE
    ../clib/microlib/string/memcpy.c         0x00000000   Number         0  memcpya.o ABSOLUTE
    ../clib/microlib/string/memset.c         0x00000000   Number         0  memseta.o ABSOLUTE
    ../clib/microlib/stubs.s                 0x00000000   Number         0  iusefp.o ABSOLUTE
    ../clib/stdlib.c                         0x00000000   Number         0  cxa_finalize.o ABSOLUTE
    ../clib/stdlib.c                         0x00000000   Number         0  aeabi_atexit.o ABSOLUTE
    ../fplib/microlib/d2f.c                  0x00000000   Number         0  d2f.o ABSOLUTE
    ../fplib/microlib/fpdiv.c                0x00000000   Number         0  fdiv.o ABSOLUTE
    ../fplib/microlib/fpepilogue.c           0x00000000   Number         0  fepilogue.o ABSOLUTE
    ../fplib/microlib/fpfix.c                0x00000000   Number         0  ffixi.o ABSOLUTE
    ..\Drivers\STM32F1xx_HAL_Driver\Src\stm32f1xx_hal.c 0x00000000   Number         0  stm32f1xx_hal.o ABSOLUTE
    ..\Drivers\STM32F1xx_HAL_Driver\Src\stm32f1xx_hal_adc.c 0x00000000   Number         0  stm32f1xx_hal_adc.o ABSOLUTE
    ..\Drivers\STM32F1xx_HAL_Driver\Src\stm32f1xx_hal_adc_ex.c 0x00000000   Number         0  stm32f1xx_hal_adc_ex.o ABSOLUTE
    ..\Drivers\STM32F1xx_HAL_Driver\Src\stm32f1xx_hal_cortex.c 0x00000000   Number         0  stm32f1xx_hal_cortex.o ABSOLUTE
    ..\Drivers\STM32F1xx_HAL_Driver\Src\stm32f1xx_hal_dma.c 0x00000000   Number         0  stm32f1xx_hal_dma.o ABSOLUTE
    ..\Drivers\STM32F1xx_HAL_Driver\Src\stm32f1xx_hal_exti.c 0x00000000   Number         0  stm32f1xx_hal_exti.o ABSOLUTE
    ..\Drivers\STM32F1xx_HAL_Driver\Src\stm32f1xx_hal_flash.c 0x00000000   Number         0  stm32f1xx_hal_flash.o ABSOLUTE
    ..\Drivers\STM32F1xx_HAL_Driver\Src\stm32f1xx_hal_flash_ex.c 0x00000000   Number         0  stm32f1xx_hal_flash_ex.o ABSOLUTE
    ..\Drivers\STM32F1xx_HAL_Driver\Src\stm32f1xx_hal_gpio.c 0x00000000   Number         0  stm32f1xx_hal_gpio.o ABSOLUTE
    ..\Drivers\STM32F1xx_HAL_Driver\Src\stm32f1xx_hal_gpio_ex.c 0x00000000   Number         0  stm32f1xx_hal_gpio_ex.o ABSOLUTE
    ..\Drivers\STM32F1xx_HAL_Driver\Src\stm32f1xx_hal_pwr.c 0x00000000   Number         0  stm32f1xx_hal_pwr.o ABSOLUTE
    ..\Drivers\STM32F1xx_HAL_Driver\Src\stm32f1xx_hal_rcc.c 0x00000000   Number         0  stm32f1xx_hal_rcc.o ABSOLUTE
    ..\Drivers\STM32F1xx_HAL_Driver\Src\stm32f1xx_hal_rcc_ex.c 0x00000000   Number         0  stm32f1xx_hal_rcc_ex.o ABSOLUTE
    ..\Drivers\STM32F1xx_HAL_Driver\Src\stm32f1xx_hal_spi.c 0x00000000   Number         0  stm32f1xx_hal_spi.o ABSOLUTE
    ..\Drivers\STM32F1xx_HAL_Driver\Src\stm32f1xx_hal_tim.c 0x00000000   Number         0  stm32f1xx_hal_tim.o ABSOLUTE
    ..\Drivers\STM32F1xx_HAL_Driver\Src\stm32f1xx_hal_tim_ex.c 0x00000000   Number         0  stm32f1xx_hal_tim_ex.o ABSOLUTE
    ..\Drivers\STM32F1xx_HAL_Driver\Src\stm32f1xx_hal_uart.c 0x00000000   Number         0  stm32f1xx_hal_uart.o ABSOLUTE
    ..\Src\stm32f1xx_hal_msp.c               0x00000000   Number         0  stm32f1xx_hal_msp.o ABSOLUTE
    ..\Src\stm32f1xx_it.c                    0x00000000   Number         0  stm32f1xx_it.o ABSOLUTE
    ..\Src\system_stm32f1xx.c                0x00000000   Number         0  system_stm32f1xx.o ABSOLUTE
    ..\Src\utility.c                         0x00000000   Number         0  utility.o ABSOLUTE
    ..\\Src\\utility.c                       0x00000000   Number         0  utility.o ABSOLUTE
    ..\\src\\StepCtrl.cpp                    0x00000000   Number         0  stepctrl.o ABSOLUTE
    ..\\src\\main.cpp                        0x00000000   Number         0  main.o ABSOLUTE
    ..\src\Comm.cpp                          0x00000000   Number         0  comm.o ABSOLUTE
    ..\src\MagEncode.cpp                     0x00000000   Number         0  magencode.o ABSOLUTE
    ..\src\StepCtrl.cpp                      0x00000000   Number         0  stepctrl.o ABSOLUTE
    ..\src\main.cpp                          0x00000000   Number         0  main.o ABSOLUTE
    dc.s                                     0x00000000   Number         0  dc.o ABSOLUTE
    handlers.s                               0x00000000   Number         0  handlers.o ABSOLUTE
    init.s                                   0x00000000   Number         0  init.o ABSOLUTE
    startup_stm32f103xb.s                    0x00000000   Number         0  startup_stm32f103xb.o ABSOLUTE
    RESET                                    0x08000000   Section      236  startup_stm32f103xb.o(RESET)
    .ARM.Collect$$$$00000000                 0x080000ec   Section        0  entry.o(.ARM.Collect$$$$00000000)
    .ARM.Collect$$$$00000001                 0x080000ec   Section        4  entry2.o(.ARM.Collect$$$$00000001)
    .ARM.Collect$$$$00000004                 0x080000f0   Section        4  entry5.o(.ARM.Collect$$$$00000004)
    .ARM.Collect$$$$00000008                 0x080000f4   Section        0  entry7b.o(.ARM.Collect$$$$00000008)
    .ARM.Collect$$$$00000009                 0x080000f4   Section        4  entry8a.o(.ARM.Collect$$$$00000009)
    .ARM.Collect$$$$0000000A                 0x080000f8   Section        0  entry8b.o(.ARM.Collect$$$$0000000A)
    .ARM.Collect$$$$0000000B                 0x080000f8   Section        8  entry9a.o(.ARM.Collect$$$$0000000B)
    .ARM.Collect$$$$0000000D                 0x08000100   Section        0  entry10a.o(.ARM.Collect$$$$0000000D)
    .ARM.Collect$$$$0000000E                 0x08000100   Section        4  entry10b.o(.ARM.Collect$$$$0000000E)
    .ARM.Collect$$$$0000000F                 0x08000104   Section        0  entry11a.o(.ARM.Collect$$$$0000000F)
    .ARM.Collect$$$$00002712                 0x08000104   Section        4  entry2.o(.ARM.Collect$$$$00002712)
    __lit__00000000                          0x08000104   Data           4  entry2.o(.ARM.Collect$$$$00002712)
    .text                                    0x08000108   Section       36  startup_stm32f103xb.o(.text)
    .text                                    0x0800012c   Section        0  memseta.o(.text)
    .text                                    0x08000150   Section        0  cpp_init.o(.text)
    .text                                    0x08000170   Section        0  aeabi_atexit.o(.text)
    .text                                    0x0800019e   Section        0  d2f.o(.text)
    .text                                    0x080001d6   Section        0  iusefp.o(.text)
    .text                                    0x080001d8   Section        0  cpp_dtor.o(.text)
    .text                                    0x080001e0   Section        0  cxa_finalize.o(.text)
    .text                                    0x08000222   Section        0  fepilogue.o(.text)
    .text                                    0x08000290   Section       36  init.o(.text)
    .text                                    0x080002b4   Section        0  cpp_final.o(.text)
    i.ADC_ConversionStop_Disable             0x080002b8   Section        0  stm32f1xx_hal_adc.o(i.ADC_ConversionStop_Disable)
    i.BusFault_Handler                       0x08000304   Section        0  stm32f1xx_it.o(i.BusFault_Handler)
    i.DebugMon_Handler                       0x08000306   Section        0  stm32f1xx_it.o(i.DebugMon_Handler)
    i.HAL_ADC_ConfigChannel                  0x08000308   Section        0  stm32f1xx_hal_adc.o(i.HAL_ADC_ConfigChannel)
    i.HAL_ADC_Init                           0x08000404   Section        0  stm32f1xx_hal_adc.o(i.HAL_ADC_Init)
    i.HAL_ADC_MspInit                        0x08000520   Section        0  stm32f1xx_hal_msp.o(i.HAL_ADC_MspInit)
    i.HAL_DMA_Abort_IT                       0x08000548   Section        0  stm32f1xx_hal_dma.o(i.HAL_DMA_Abort_IT)
    i.HAL_Delay                              0x080005e0   Section        0  stm32f1xx_hal.o(i.HAL_Delay)
    i.HAL_GPIO_Init                          0x08000604   Section        0  stm32f1xx_hal_gpio.o(i.HAL_GPIO_Init)
    i.HAL_GPIO_WritePin                      0x080007e4   Section        0  stm32f1xx_hal_gpio.o(i.HAL_GPIO_WritePin)
    i.HAL_GetTick                            0x080007f0   Section        0  stm32f1xx_hal.o(i.HAL_GetTick)
    i.HAL_IncTick                            0x080007fc   Section        0  stm32f1xx_hal.o(i.HAL_IncTick)
    i.HAL_Init                               0x0800080c   Section        0  stm32f1xx_hal.o(i.HAL_Init)
    i.HAL_InitTick                           0x08000830   Section        0  stm32f1xx_hal.o(i.HAL_InitTick)
    i.HAL_MspInit                            0x08000870   Section        0  stm32f1xx_hal_msp.o(i.HAL_MspInit)
    i.HAL_NVIC_EnableIRQ                     0x080008ac   Section        0  stm32f1xx_hal_cortex.o(i.HAL_NVIC_EnableIRQ)
    i.HAL_NVIC_SetPriority                   0x080008c8   Section        0  stm32f1xx_hal_cortex.o(i.HAL_NVIC_SetPriority)
    i.HAL_NVIC_SetPriorityGrouping           0x08000908   Section        0  stm32f1xx_hal_cortex.o(i.HAL_NVIC_SetPriorityGrouping)
    i.HAL_RCCEx_PeriphCLKConfig              0x0800092c   Section        0  stm32f1xx_hal_rcc_ex.o(i.HAL_RCCEx_PeriphCLKConfig)
    i.HAL_RCC_ClockConfig                    0x08000a18   Section        0  stm32f1xx_hal_rcc.o(i.HAL_RCC_ClockConfig)
    i.HAL_RCC_GetPCLK1Freq                   0x08000b44   Section        0  stm32f1xx_hal_rcc.o(i.HAL_RCC_GetPCLK1Freq)
    i.HAL_RCC_GetPCLK2Freq                   0x08000b64   Section        0  stm32f1xx_hal_rcc.o(i.HAL_RCC_GetPCLK2Freq)
    i.HAL_RCC_GetSysClockFreq                0x08000b84   Section        0  stm32f1xx_hal_rcc.o(i.HAL_RCC_GetSysClockFreq)
    i.HAL_RCC_OscConfig                      0x08000bf0   Section        0  stm32f1xx_hal_rcc.o(i.HAL_RCC_OscConfig)
    i.HAL_SPI_Init                           0x08000f10   Section        0  stm32f1xx_hal_spi.o(i.HAL_SPI_Init)
    i.HAL_SPI_MspInit                        0x08000f8c   Section        0  stm32f1xx_hal_msp.o(i.HAL_SPI_MspInit)
    i.HAL_SYSTICK_Config                     0x08000ffc   Section        0  stm32f1xx_hal_cortex.o(i.HAL_SYSTICK_Config)
    i.HAL_TIMEx_MasterConfigSynchronization  0x08001024   Section        0  stm32f1xx_hal_tim_ex.o(i.HAL_TIMEx_MasterConfigSynchronization)
    i.HAL_TIM_Base_Init                      0x08001066   Section        0  stm32f1xx_hal_tim.o(i.HAL_TIM_Base_Init)
    i.HAL_TIM_Base_MspInit                   0x0800109c   Section        0  stm32f1xx_hal_msp.o(i.HAL_TIM_Base_MspInit)
    i.HAL_TIM_ConfigClockSource              0x080010c0   Section        0  stm32f1xx_hal_tim.o(i.HAL_TIM_ConfigClockSource)
    i.HAL_TIM_MspPostInit                    0x08001198   Section        0  stm32f1xx_hal_msp.o(i.HAL_TIM_MspPostInit)
    i.HAL_TIM_PWM_ConfigChannel              0x080011e0   Section        0  stm32f1xx_hal_tim.o(i.HAL_TIM_PWM_ConfigChannel)
    i.HAL_TIM_PWM_Init                       0x080012b0   Section        0  stm32f1xx_hal_tim.o(i.HAL_TIM_PWM_Init)
    i.HAL_TIM_PWM_MspInit                    0x080012e6   Section        0  stm32f1xx_hal_tim.o(i.HAL_TIM_PWM_MspInit)
    i.HAL_UART_ErrorCallback                 0x080012e8   Section        0  stm32f1xx_hal_uart.o(i.HAL_UART_ErrorCallback)
    i.HAL_UART_IRQHandler                    0x080012ec   Section        0  stm32f1xx_hal_uart.o(i.HAL_UART_IRQHandler)
    i.HAL_UART_Init                          0x080013fc   Section        0  stm32f1xx_hal_uart.o(i.HAL_UART_Init)
    i.HAL_UART_MspInit                       0x08001460   Section        0  stm32f1xx_hal_msp.o(i.HAL_UART_MspInit)
    i.HAL_UART_Receive_IT                    0x080014f0   Section        0  stm32f1xx_hal_uart.o(i.HAL_UART_Receive_IT)
    i.HAL_UART_RxCpltCallback                0x08001542   Section        0  stm32f1xx_hal_uart.o(i.HAL_UART_RxCpltCallback)
    i.HAL_UART_Transmit_IT                   0x08001544   Section        0  stm32f1xx_hal_uart.o(i.HAL_UART_Transmit_IT)
    i.HAL_UART_TxCpltCallback                0x08001582   Section        0  stm32f1xx_hal_uart.o(i.HAL_UART_TxCpltCallback)
    i.HardFault_Handler                      0x08001584   Section        0  stm32f1xx_it.o(i.HardFault_Handler)
    i.MX_ADC1_Init                           0x08001588   Section        0  utility.o(i.MX_ADC1_Init)
    i.MX_GPIO_Init                           0x080015cc   Section        0  utility.o(i.MX_GPIO_Init)
    i.MX_SPI1_Init                           0x08001678   Section        0  utility.o(i.MX_SPI1_Init)
    i.MX_TIM2_Init                           0x080016b4   Section        0  utility.o(i.MX_TIM2_Init)
    i.MX_USART1_UART_Init                    0x08001728   Section        0  utility.o(i.MX_USART1_UART_Init)
    i.MemManage_Handler                      0x08001750   Section        0  stm32f1xx_it.o(i.MemManage_Handler)
    i.NMI_Handler                            0x08001752   Section        0  stm32f1xx_it.o(i.NMI_Handler)
    i.PendSV_Handler                         0x08001754   Section        0  stm32f1xx_it.o(i.PendSV_Handler)
    i.SVC_Handler                            0x08001756   Section        0  stm32f1xx_it.o(i.SVC_Handler)
    i.SysTick_Handler                        0x08001758   Section        0  stm32f1xx_it.o(i.SysTick_Handler)
    i.SystemClock_Config                     0x0800175c   Section        0  utility.o(i.SystemClock_Config)
    i.SystemInit                             0x080017bc   Section        0  system_stm32f1xx.o(i.SystemInit)
    i.TIM_Base_SetConfig                     0x08001804   Section        0  stm32f1xx_hal_tim.o(i.TIM_Base_SetConfig)
    i.TIM_ETR_SetConfig                      0x08001870   Section        0  stm32f1xx_hal_tim.o(i.TIM_ETR_SetConfig)
    i.TIM_OC2_SetConfig                      0x08001884   Section        0  stm32f1xx_hal_tim.o(i.TIM_OC2_SetConfig)
    i.USART1_IRQHandler                      0x080018dc   Section        0  stm32f1xx_it.o(i.USART1_IRQHandler)
    i.UsageFault_Handler                     0x08001914   Section        0  stm32f1xx_it.o(i.UsageFault_Handler)
    i._ZN13PacketHandler10readPacketEv       0x08001918   Section        0  comm.o(i._ZN13PacketHandler10readPacketEv)
    i._ZN13PacketHandlerC1EP5Queue           0x08001930   Section        0  comm.o(i._ZN13PacketHandlerC1EP5Queue)
    i._ZN13PacketHandlerD1Ev                 0x08001934   Section        0  comm.o(i._ZN13PacketHandlerD1Ev)
    i._ZN41_INTERNAL_19_stm32f1xx_hal_tim_c_a9d95b5217TIM_OC1_SetConfigEP11TIM_TypeDefP18TIM_OC_InitTypeDef 0x08001938   Section        0  stm32f1xx_hal_tim.o(i._ZN41_INTERNAL_19_stm32f1xx_hal_tim_c_a9d95b5217TIM_OC1_SetConfigEP11TIM_TypeDefP18TIM_OC_InitTypeDef)
    [local to stm32f1xx_hal_tim_c]::TIM_OC1_SetConfig(TIM_TypeDef*, TIM_OC_InitTypeDef*) 0x08001939   Thumb Code    74  stm32f1xx_hal_tim.o(i._ZN41_INTERNAL_19_stm32f1xx_hal_tim_c_a9d95b5217TIM_OC1_SetConfigEP11TIM_TypeDefP18TIM_OC_InitTypeDef)
    i._ZN41_INTERNAL_19_stm32f1xx_hal_tim_c_a9d95b5217TIM_OC3_SetConfigEP11TIM_TypeDefP18TIM_OC_InitTypeDef 0x08001988   Section        0  stm32f1xx_hal_tim.o(i._ZN41_INTERNAL_19_stm32f1xx_hal_tim_c_a9d95b5217TIM_OC3_SetConfigEP11TIM_TypeDefP18TIM_OC_InitTypeDef)
    [local to stm32f1xx_hal_tim_c]::TIM_OC3_SetConfig(TIM_TypeDef*, TIM_OC_InitTypeDef*) 0x08001989   Thumb Code    82  stm32f1xx_hal_tim.o(i._ZN41_INTERNAL_19_stm32f1xx_hal_tim_c_a9d95b5217TIM_OC3_SetConfigEP11TIM_TypeDefP18TIM_OC_InitTypeDef)
    i._ZN41_INTERNAL_19_stm32f1xx_hal_tim_c_a9d95b5217TIM_OC4_SetConfigEP11TIM_TypeDefP18TIM_OC_InitTypeDef 0x080019e0   Section        0  stm32f1xx_hal_tim.o(i._ZN41_INTERNAL_19_stm32f1xx_hal_tim_c_a9d95b5217TIM_OC4_SetConfigEP11TIM_TypeDefP18TIM_OC_InitTypeDef)
    [local to stm32f1xx_hal_tim_c]::TIM_OC4_SetConfig(TIM_TypeDef*, TIM_OC_InitTypeDef*) 0x080019e1   Thumb Code    64  stm32f1xx_hal_tim.o(i._ZN41_INTERNAL_19_stm32f1xx_hal_tim_c_a9d95b5217TIM_OC4_SetConfigEP11TIM_TypeDefP18TIM_OC_InitTypeDef)
    i._ZN41_INTERNAL_19_stm32f1xx_hal_tim_c_a9d95b5218TIM_ITRx_SetConfigEP11TIM_TypeDefj 0x08001a24   Section        0  stm32f1xx_hal_tim.o(i._ZN41_INTERNAL_19_stm32f1xx_hal_tim_c_a9d95b5218TIM_ITRx_SetConfigEP11TIM_TypeDefj)
    [local to stm32f1xx_hal_tim_c]::TIM_ITRx_SetConfig(TIM_TypeDef*, unsigned) 0x08001a25   Thumb Code    16  stm32f1xx_hal_tim.o(i._ZN41_INTERNAL_19_stm32f1xx_hal_tim_c_a9d95b5218TIM_ITRx_SetConfigEP11TIM_TypeDefj)
    i._ZN41_INTERNAL_19_stm32f1xx_hal_tim_c_a9d95b5224TIM_TI1_ConfigInputStageEP11TIM_TypeDefjj 0x08001a34   Section        0  stm32f1xx_hal_tim.o(i._ZN41_INTERNAL_19_stm32f1xx_hal_tim_c_a9d95b5224TIM_TI1_ConfigInputStageEP11TIM_TypeDefjj)
    [local to stm32f1xx_hal_tim_c]::TIM_TI1_ConfigInputStage(TIM_TypeDef*, unsigned, unsigned) 0x08001a35   Thumb Code    34  stm32f1xx_hal_tim.o(i._ZN41_INTERNAL_19_stm32f1xx_hal_tim_c_a9d95b5224TIM_TI1_ConfigInputStageEP11TIM_TypeDefjj)
    i._ZN41_INTERNAL_19_stm32f1xx_hal_tim_c_a9d95b5224TIM_TI2_ConfigInputStageEP11TIM_TypeDefjj 0x08001a56   Section        0  stm32f1xx_hal_tim.o(i._ZN41_INTERNAL_19_stm32f1xx_hal_tim_c_a9d95b5224TIM_TI2_ConfigInputStageEP11TIM_TypeDefjj)
    [local to stm32f1xx_hal_tim_c]::TIM_TI2_ConfigInputStage(TIM_TypeDef*, unsigned, unsigned) 0x08001a57   Thumb Code    36  stm32f1xx_hal_tim.o(i._ZN41_INTERNAL_19_stm32f1xx_hal_tim_c_a9d95b5224TIM_TI2_ConfigInputStageEP11TIM_TypeDefjj)
    i._ZN42_INTERNAL_20_stm32f1xx_hal_uart_c_d497114f14UART_SetConfigEP20__UART_HandleTypeDef 0x08001a7c   Section        0  stm32f1xx_hal_uart.o(i._ZN42_INTERNAL_20_stm32f1xx_hal_uart_c_d497114f14UART_SetConfigEP20__UART_HandleTypeDef)
    [local to stm32f1xx_hal_uart_c]::UART_SetConfig(__UART_HandleTypeDef*) 0x08001a7d   Thumb Code   178  stm32f1xx_hal_uart.o(i._ZN42_INTERNAL_20_stm32f1xx_hal_uart_c_d497114f14UART_SetConfigEP20__UART_HandleTypeDef)
    i._ZN42_INTERNAL_20_stm32f1xx_hal_uart_c_d497114f15UART_Receive_ITEP20__UART_HandleTypeDef 0x08001b34   Section        0  stm32f1xx_hal_uart.o(i._ZN42_INTERNAL_20_stm32f1xx_hal_uart_c_d497114f15UART_Receive_ITEP20__UART_HandleTypeDef)
    [local to stm32f1xx_hal_uart_c]::UART_Receive_IT(__UART_HandleTypeDef*) 0x08001b35   Thumb Code   150  stm32f1xx_hal_uart.o(i._ZN42_INTERNAL_20_stm32f1xx_hal_uart_c_d497114f15UART_Receive_ITEP20__UART_HandleTypeDef)
    i._ZN42_INTERNAL_20_stm32f1xx_hal_uart_c_d497114f16UART_Transmit_ITEP20__UART_HandleTypeDef 0x08001bca   Section        0  stm32f1xx_hal_uart.o(i._ZN42_INTERNAL_20_stm32f1xx_hal_uart_c_d497114f16UART_Transmit_ITEP20__UART_HandleTypeDef)
    [local to stm32f1xx_hal_uart_c]::UART_Transmit_IT(__UART_HandleTypeDef*) 0x08001bcb   Thumb Code    98  stm32f1xx_hal_uart.o(i._ZN42_INTERNAL_20_stm32f1xx_hal_uart_c_d497114f16UART_Transmit_ITEP20__UART_HandleTypeDef)
    i._ZN42_INTERNAL_20_stm32f1xx_hal_uart_c_d497114f18UART_EndRxTransferEP20__UART_HandleTypeDef 0x08001c2c   Section        0  stm32f1xx_hal_uart.o(i._ZN42_INTERNAL_20_stm32f1xx_hal_uart_c_d497114f18UART_EndRxTransferEP20__UART_HandleTypeDef)
    [local to stm32f1xx_hal_uart_c]::UART_EndRxTransfer(__UART_HandleTypeDef*) 0x08001c2d   Thumb Code    28  stm32f1xx_hal_uart.o(i._ZN42_INTERNAL_20_stm32f1xx_hal_uart_c_d497114f18UART_EndRxTransferEP20__UART_HandleTypeDef)
    i._ZN42_INTERNAL_20_stm32f1xx_hal_uart_c_d497114f20UART_DMAAbortOnErrorEP19__DMA_HandleTypeDef 0x08001c48   Section        0  stm32f1xx_hal_uart.o(i._ZN42_INTERNAL_20_stm32f1xx_hal_uart_c_d497114f20UART_DMAAbortOnErrorEP19__DMA_HandleTypeDef)
    [local to stm32f1xx_hal_uart_c]::UART_DMAAbortOnError(__DMA_HandleTypeDef*) 0x08001c49   Thumb Code    16  stm32f1xx_hal_uart.o(i._ZN42_INTERNAL_20_stm32f1xx_hal_uart_c_d497114f20UART_DMAAbortOnErrorEP19__DMA_HandleTypeDef)
    i._ZN44_INTERNAL_22_stm32f1xx_hal_cortex_c_2992dbc018__NVIC_SetPriorityE9IRQn_Typej 0x08001c58   Section        0  stm32f1xx_hal_cortex.o(i._ZN44_INTERNAL_22_stm32f1xx_hal_cortex_c_2992dbc018__NVIC_SetPriorityE9IRQn_Typej)
    [local to stm32f1xx_hal_cortex_c]::__NVIC_SetPriority(IRQn_Type, unsigned) 0x08001c59   Thumb Code    32  stm32f1xx_hal_cortex.o(i._ZN44_INTERNAL_22_stm32f1xx_hal_cortex_c_2992dbc018__NVIC_SetPriorityE9IRQn_Typej)
    i._ZN5Queue7deQueueEv                    0x08001c78   Section        0  comm.o(i._ZN5Queue7deQueueEv)
    i._ZN5Queue7enQueueEPh                   0x08001cac   Section        0  comm.o(i._ZN5Queue7enQueueEPh)
    i._ZN5Queue9loadArrayEiPh                0x08001cf6   Section        0  comm.o(i._ZN5Queue9loadArrayEiPh)
    i._ZN5QueueC1Ev                          0x08001d10   Section        0  comm.o(i._ZN5QueueC1Ev)
    i._ZN7Stepper7setModeEh                  0x08001d24   Section        0  stepctrl.o(i._ZN7Stepper7setModeEh)
    i._ZN7StepperC1Ev                        0x08001d68   Section        0  stepctrl.o(i._ZN7StepperC1Ev)
    i.__scatterload_copy                     0x08001d76   Section       14  handlers.o(i.__scatterload_copy)
    i.__scatterload_null                     0x08001d84   Section        2  handlers.o(i.__scatterload_null)
    i.__scatterload_zeroinit                 0x08001d86   Section       14  handlers.o(i.__scatterload_zeroinit)
    i.__sti___8_main_cpp_bufferTX            0x08001d94   Section        0  main.o(i.__sti___8_main_cpp_bufferTX)
    __sti___8_main_cpp_bufferTX              0x08001d95   Thumb Code    44  main.o(i.__sti___8_main_cpp_bufferTX)
    i.free                                   0x08001dd4   Section        0  malloc.o(i.free)
    i.initialSetup                           0x08001e24   Section        0  utility.o(i.initialSetup)
    i.main                                   0x08001e54   Section        0  main.o(i.main)
    i.malloc                                 0x08001e8c   Section        0  malloc.o(i.malloc)
    .constdata                               0x08001ef8   Section       16  system_stm32f1xx.o(.constdata)
    .constdata                               0x08001f08   Section        8  system_stm32f1xx.o(.constdata)
    .init_array                              0x08001f30   Section        4  main.o(.init_array)
    .init_array                              0x08001f34   Section        0  cpp_init.o(.init_array)
    .data                                    0x20000000   Section       32  main.o(.data)
    .data                                    0x20000020   Section       12  stm32f1xx_hal.o(.data)
    .data                                    0x2000002c   Section        4  system_stm32f1xx.o(.data)
    .data                                    0x20000030   Section        4  cpp_dtor.o(.data)
    ddtor_pointer                            0x20000030   Data           4  cpp_dtor.o(.data)
    .data                                    0x20000034   Section        4  mvars.o(.data)
    .data                                    0x20000038   Section        4  mvars.o(.data)
    .bss                                     0x2000003c   Section      596  main.o(.bss)
    .bss                                     0x20000290   Section       24  main.o(.bss)
    HEAP                                     0x200002a8   Section      512  startup_stm32f103xb.o(HEAP)
    STACK                                    0x200004a8   Section     1024  startup_stm32f103xb.o(STACK)

    Global Symbols

    Symbol Name                              Value     Ov Type        Size  Object(Section)

    BuildAttributes$$THM_ISAv4$P$D$K$B$S$PE$A:L22UL41UL21$X:L11$S22US41US21$IEEE1$IW$USESV6$~STKCKD$USESV7$~SHL$OTIME$ROPI$EBA8$MICROLIB$REQ8$PRES8$EABIv2 0x00000000   Number         0  anon$$obj.o ABSOLUTE
    __ARM_use_no_argv                        0x00000000   Number         0  main.o ABSOLUTE
    __decompress                              - Undefined Weak Reference
    _clock_init                               - Undefined Weak Reference
    _microlib_exit                            - Undefined Weak Reference
    __Vectors_Size                           0x000000ec   Number         0  startup_stm32f103xb.o ABSOLUTE
    __Vectors                                0x08000000   Data           4  startup_stm32f103xb.o(RESET)
    __dso_handle                             0x08000000   Number         0  startup_stm32f103xb.o(RESET)
    __Vectors_End                            0x080000ec   Data           0  startup_stm32f103xb.o(RESET)
    __main                                   0x080000ed   Thumb Code     0  entry.o(.ARM.Collect$$$$00000000)
    _main_stk                                0x080000ed   Thumb Code     0  entry2.o(.ARM.Collect$$$$00000001)
    _main_scatterload                        0x080000f1   Thumb Code     0  entry5.o(.ARM.Collect$$$$00000004)
    __main_after_scatterload                 0x080000f5   Thumb Code     0  entry5.o(.ARM.Collect$$$$00000004)
    _main_clock                              0x080000f5   Thumb Code     0  entry7b.o(.ARM.Collect$$$$00000008)
    _main_cpp_init$empty                     0x080000f5   Thumb Code     0  entry8a.o(.ARM.Collect$$$$00000009)
    _main_cpp_init                           0x080000f9   Thumb Code     0  entry8b.o(.ARM.Collect$$$$0000000A)
    _main_init                               0x080000f9   Thumb Code     0  entry9a.o(.ARM.Collect$$$$0000000B)
    __rt_final_cpp                           0x08000101   Thumb Code     0  entry10a.o(.ARM.Collect$$$$0000000D)
    __rt_final_cpp$nonempty                  0x08000101   Thumb Code     0  entry10b.o(.ARM.Collect$$$$0000000E)
    __rt_final_exit                          0x08000105   Thumb Code     0  entry11a.o(.ARM.Collect$$$$0000000F)
    Reset_Handler                            0x08000109   Thumb Code     8  startup_stm32f103xb.o(.text)
    ADC1_2_IRQHandler                        0x08000123   Thumb Code     0  startup_stm32f103xb.o(.text)
    CAN1_RX1_IRQHandler                      0x08000123   Thumb Code     0  startup_stm32f103xb.o(.text)
    CAN1_SCE_IRQHandler                      0x08000123   Thumb Code     0  startup_stm32f103xb.o(.text)
    DMA1_Channel1_IRQHandler                 0x08000123   Thumb Code     0  startup_stm32f103xb.o(.text)
    DMA1_Channel2_IRQHandler                 0x08000123   Thumb Code     0  startup_stm32f103xb.o(.text)
    DMA1_Channel3_IRQHandler                 0x08000123   Thumb Code     0  startup_stm32f103xb.o(.text)
    DMA1_Channel4_IRQHandler                 0x08000123   Thumb Code     0  startup_stm32f103xb.o(.text)
    DMA1_Channel5_IRQHandler                 0x08000123   Thumb Code     0  startup_stm32f103xb.o(.text)
    DMA1_Channel6_IRQHandler                 0x08000123   Thumb Code     0  startup_stm32f103xb.o(.text)
    DMA1_Channel7_IRQHandler                 0x08000123   Thumb Code     0  startup_stm32f103xb.o(.text)
    EXTI0_IRQHandler                         0x08000123   Thumb Code     0  startup_stm32f103xb.o(.text)
    EXTI15_10_IRQHandler                     0x08000123   Thumb Code     0  startup_stm32f103xb.o(.text)
    EXTI1_IRQHandler                         0x08000123   Thumb Code     0  startup_stm32f103xb.o(.text)
    EXTI2_IRQHandler                         0x08000123   Thumb Code     0  startup_stm32f103xb.o(.text)
    EXTI3_IRQHandler                         0x08000123   Thumb Code     0  startup_stm32f103xb.o(.text)
    EXTI4_IRQHandler                         0x08000123   Thumb Code     0  startup_stm32f103xb.o(.text)
    EXTI9_5_IRQHandler                       0x08000123   Thumb Code     0  startup_stm32f103xb.o(.text)
    FLASH_IRQHandler                         0x08000123   Thumb Code     0  startup_stm32f103xb.o(.text)
    I2C1_ER_IRQHandler                       0x08000123   Thumb Code     0  startup_stm32f103xb.o(.text)
    I2C1_EV_IRQHandler                       0x08000123   Thumb Code     0  startup_stm32f103xb.o(.text)
    I2C2_ER_IRQHandler                       0x08000123   Thumb Code     0  startup_stm32f103xb.o(.text)
    I2C2_EV_IRQHandler                       0x08000123   Thumb Code     0  startup_stm32f103xb.o(.text)
    PVD_IRQHandler                           0x08000123   Thumb Code     0  startup_stm32f103xb.o(.text)
    RCC_IRQHandler                           0x08000123   Thumb Code     0  startup_stm32f103xb.o(.text)
    RTC_Alarm_IRQHandler                     0x08000123   Thumb Code     0  startup_stm32f103xb.o(.text)
    RTC_IRQHandler                           0x08000123   Thumb Code     0  startup_stm32f103xb.o(.text)
    SPI1_IRQHandler                          0x08000123   Thumb Code     0  startup_stm32f103xb.o(.text)
    SPI2_IRQHandler                          0x08000123   Thumb Code     0  startup_stm32f103xb.o(.text)
    TAMPER_IRQHandler                        0x08000123   Thumb Code     0  startup_stm32f103xb.o(.text)
    TIM1_BRK_IRQHandler                      0x08000123   Thumb Code     0  startup_stm32f103xb.o(.text)
    TIM1_CC_IRQHandler                       0x08000123   Thumb Code     0  startup_stm32f103xb.o(.text)
    TIM1_TRG_COM_IRQHandler                  0x08000123   Thumb Code     0  startup_stm32f103xb.o(.text)
    TIM1_UP_IRQHandler                       0x08000123   Thumb Code     0  startup_stm32f103xb.o(.text)
    TIM2_IRQHandler                          0x08000123   Thumb Code     0  startup_stm32f103xb.o(.text)
    TIM3_IRQHandler                          0x08000123   Thumb Code     0  startup_stm32f103xb.o(.text)
    TIM4_IRQHandler                          0x08000123   Thumb Code     0  startup_stm32f103xb.o(.text)
    USART2_IRQHandler                        0x08000123   Thumb Code     0  startup_stm32f103xb.o(.text)
    USART3_IRQHandler                        0x08000123   Thumb Code     0  startup_stm32f103xb.o(.text)
    USBWakeUp_IRQHandler                     0x08000123   Thumb Code     0  startup_stm32f103xb.o(.text)
    USB_HP_CAN1_TX_IRQHandler                0x08000123   Thumb Code     0  startup_stm32f103xb.o(.text)
    USB_LP_CAN1_RX0_IRQHandler               0x08000123   Thumb Code     0  startup_stm32f103xb.o(.text)
    WWDG_IRQHandler                          0x08000123   Thumb Code     0  startup_stm32f103xb.o(.text)
    __aeabi_memset                           0x0800012d   Thumb Code    14  memseta.o(.text)
    __aeabi_memset4                          0x0800012d   Thumb Code     0  memseta.o(.text)
    __aeabi_memset8                          0x0800012d   Thumb Code     0  memseta.o(.text)
    __aeabi_memclr                           0x0800013b   Thumb Code     4  memseta.o(.text)
    __aeabi_memclr4                          0x0800013b   Thumb Code     0  memseta.o(.text)
    __aeabi_memclr8                          0x0800013b   Thumb Code     0  memseta.o(.text)
    _memset$wrapper                          0x0800013f   Thumb Code    18  memseta.o(.text)
    __cpp_initialize__aeabi_                 0x08000151   Thumb Code    22  cpp_init.o(.text)
    __aeabi_atexit                           0x08000171   Thumb Code    46  aeabi_atexit.o(.text)
    __aeabi_d2f                              0x0800019f   Thumb Code    56  d2f.o(.text)
    __I$use$fp                               0x080001d7   Thumb Code     0  iusefp.o(.text)
    __rt_ddtor_pointer_addr                  0x080001d9   Thumb Code     4  cpp_dtor.o(.text)
    __cxa_finalize                           0x080001e1   Thumb Code    66  cxa_finalize.o(.text)
    _float_round                             0x08000223   Thumb Code    18  fepilogue.o(.text)
    _float_epilogue                          0x08000235   Thumb Code    92  fepilogue.o(.text)
    __scatterload                            0x08000291   Thumb Code    28  init.o(.text)
    __scatterload_rt2                        0x08000291   Thumb Code     0  init.o(.text)
    __rt_lib_shutdown_cpp_2                  0x080002b5   Thumb Code     2  cpp_final.o(.text)
    ADC_ConversionStop_Disable               0x080002b9   Thumb Code    76  stm32f1xx_hal_adc.o(i.ADC_ConversionStop_Disable)
    BusFault_Handler                         0x08000305   Thumb Code     2  stm32f1xx_it.o(i.BusFault_Handler)
    DebugMon_Handler                         0x08000307   Thumb Code     2  stm32f1xx_it.o(i.DebugMon_Handler)
    HAL_ADC_ConfigChannel                    0x08000309   Thumb Code   240  stm32f1xx_hal_adc.o(i.HAL_ADC_ConfigChannel)
    HAL_ADC_Init                             0x08000405   Thumb Code   272  stm32f1xx_hal_adc.o(i.HAL_ADC_Init)
    HAL_ADC_MspInit                          0x08000521   Thumb Code    30  stm32f1xx_hal_msp.o(i.HAL_ADC_MspInit)
    HAL_DMA_Abort_IT                         0x08000549   Thumb Code   148  stm32f1xx_hal_dma.o(i.HAL_DMA_Abort_IT)
    HAL_Delay                                0x080005e1   Thumb Code    32  stm32f1xx_hal.o(i.HAL_Delay)
    HAL_GPIO_Init                            0x08000605   Thumb Code   446  stm32f1xx_hal_gpio.o(i.HAL_GPIO_Init)
    HAL_GPIO_WritePin                        0x080007e5   Thumb Code    10  stm32f1xx_hal_gpio.o(i.HAL_GPIO_WritePin)
    HAL_GetTick                              0x080007f1   Thumb Code     6  stm32f1xx_hal.o(i.HAL_GetTick)
    HAL_IncTick                              0x080007fd   Thumb Code    12  stm32f1xx_hal.o(i.HAL_IncTick)
    HAL_Init                                 0x0800080d   Thumb Code    32  stm32f1xx_hal.o(i.HAL_Init)
    HAL_InitTick                             0x08000831   Thumb Code    54  stm32f1xx_hal.o(i.HAL_InitTick)
    HAL_MspInit                              0x08000871   Thumb Code    52  stm32f1xx_hal_msp.o(i.HAL_MspInit)
    HAL_NVIC_EnableIRQ                       0x080008ad   Thumb Code    26  stm32f1xx_hal_cortex.o(i.HAL_NVIC_EnableIRQ)
    HAL_NVIC_SetPriority                     0x080008c9   Thumb Code    60  stm32f1xx_hal_cortex.o(i.HAL_NVIC_SetPriority)
    HAL_NVIC_SetPriorityGrouping             0x08000909   Thumb Code    26  stm32f1xx_hal_cortex.o(i.HAL_NVIC_SetPriorityGrouping)
    HAL_RCCEx_PeriphCLKConfig                0x0800092d   Thumb Code   224  stm32f1xx_hal_rcc_ex.o(i.HAL_RCCEx_PeriphCLKConfig)
    HAL_RCC_ClockConfig                      0x08000a19   Thumb Code   280  stm32f1xx_hal_rcc.o(i.HAL_RCC_ClockConfig)
    HAL_RCC_GetPCLK1Freq                     0x08000b45   Thumb Code    20  stm32f1xx_hal_rcc.o(i.HAL_RCC_GetPCLK1Freq)
    HAL_RCC_GetPCLK2Freq                     0x08000b65   Thumb Code    20  stm32f1xx_hal_rcc.o(i.HAL_RCC_GetPCLK2Freq)
    HAL_RCC_GetSysClockFreq                  0x08000b85   Thumb Code    76  stm32f1xx_hal_rcc.o(i.HAL_RCC_GetSysClockFreq)
    HAL_RCC_OscConfig                        0x08000bf1   Thumb Code   778  stm32f1xx_hal_rcc.o(i.HAL_RCC_OscConfig)
    HAL_SPI_Init                             0x08000f11   Thumb Code   124  stm32f1xx_hal_spi.o(i.HAL_SPI_Init)
    HAL_SPI_MspInit                          0x08000f8d   Thumb Code    98  stm32f1xx_hal_msp.o(i.HAL_SPI_MspInit)
    HAL_SYSTICK_Config                       0x08000ffd   Thumb Code    40  stm32f1xx_hal_cortex.o(i.HAL_SYSTICK_Config)
    HAL_TIMEx_MasterConfigSynchronization    0x08001025   Thumb Code    66  stm32f1xx_hal_tim_ex.o(i.HAL_TIMEx_MasterConfigSynchronization)
    HAL_TIM_Base_Init                        0x08001067   Thumb Code    54  stm32f1xx_hal_tim.o(i.HAL_TIM_Base_Init)
    HAL_TIM_Base_MspInit                     0x0800109d   Thumb Code    30  stm32f1xx_hal_msp.o(i.HAL_TIM_Base_MspInit)
    HAL_TIM_ConfigClockSource                0x080010c1   Thumb Code   214  stm32f1xx_hal_tim.o(i.HAL_TIM_ConfigClockSource)
    HAL_TIM_MspPostInit                      0x08001199   Thumb Code    62  stm32f1xx_hal_msp.o(i.HAL_TIM_MspPostInit)
    HAL_TIM_PWM_ConfigChannel                0x080011e1   Thumb Code   208  stm32f1xx_hal_tim.o(i.HAL_TIM_PWM_ConfigChannel)
    HAL_TIM_PWM_Init                         0x080012b1   Thumb Code    54  stm32f1xx_hal_tim.o(i.HAL_TIM_PWM_Init)
    HAL_TIM_PWM_MspInit                      0x080012e7   Thumb Code     2  stm32f1xx_hal_tim.o(i.HAL_TIM_PWM_MspInit)
    HAL_UART_ErrorCallback                   0x080012e9   Thumb Code     2  stm32f1xx_hal_uart.o(i.HAL_UART_ErrorCallback)
    HAL_UART_IRQHandler                      0x080012ed   Thumb Code   266  stm32f1xx_hal_uart.o(i.HAL_UART_IRQHandler)
    HAL_UART_Init                            0x080013fd   Thumb Code    98  stm32f1xx_hal_uart.o(i.HAL_UART_Init)
    HAL_UART_MspInit                         0x08001461   Thumb Code   128  stm32f1xx_hal_msp.o(i.HAL_UART_MspInit)
    HAL_UART_Receive_IT                      0x080014f1   Thumb Code    82  stm32f1xx_hal_uart.o(i.HAL_UART_Receive_IT)
    HAL_UART_RxCpltCallback                  0x08001543   Thumb Code     2  stm32f1xx_hal_uart.o(i.HAL_UART_RxCpltCallback)
    HAL_UART_Transmit_IT                     0x08001545   Thumb Code    62  stm32f1xx_hal_uart.o(i.HAL_UART_Transmit_IT)
    HAL_UART_TxCpltCallback                  0x08001583   Thumb Code     2  stm32f1xx_hal_uart.o(i.HAL_UART_TxCpltCallback)
    HardFault_Handler                        0x08001585   Thumb Code     2  stm32f1xx_it.o(i.HardFault_Handler)
    MX_ADC1_Init                             0x08001589   Thumb Code    64  utility.o(i.MX_ADC1_Init)
    MX_GPIO_Init                             0x080015cd   Thumb Code   160  utility.o(i.MX_GPIO_Init)
    MX_SPI1_Init                             0x08001679   Thumb Code    56  utility.o(i.MX_SPI1_Init)
    MX_TIM2_Init                             0x080016b5   Thumb Code   114  utility.o(i.MX_TIM2_Init)
    MX_USART1_UART_Init                      0x08001729   Thumb Code    32  utility.o(i.MX_USART1_UART_Init)
    MemManage_Handler                        0x08001751   Thumb Code     2  stm32f1xx_it.o(i.MemManage_Handler)
    NMI_Handler                              0x08001753   Thumb Code     2  stm32f1xx_it.o(i.NMI_Handler)
    PendSV_Handler                           0x08001755   Thumb Code     2  stm32f1xx_it.o(i.PendSV_Handler)
    SVC_Handler                              0x08001757   Thumb Code     2  stm32f1xx_it.o(i.SVC_Handler)
    SysTick_Handler                          0x08001759   Thumb Code     4  stm32f1xx_it.o(i.SysTick_Handler)
    SystemClock_Config                       0x0800175d   Thumb Code    96  utility.o(i.SystemClock_Config)
    SystemInit                               0x080017bd   Thumb Code    56  system_stm32f1xx.o(i.SystemInit)
    TIM_Base_SetConfig                       0x08001805   Thumb Code    94  stm32f1xx_hal_tim.o(i.TIM_Base_SetConfig)
    TIM_ETR_SetConfig                        0x08001871   Thumb Code    20  stm32f1xx_hal_tim.o(i.TIM_ETR_SetConfig)
    TIM_OC2_SetConfig                        0x08001885   Thumb Code    84  stm32f1xx_hal_tim.o(i.TIM_OC2_SetConfig)
    USART1_IRQHandler                        0x080018dd   Thumb Code    44  stm32f1xx_it.o(i.USART1_IRQHandler)
    UsageFault_Handler                       0x08001915   Thumb Code     2  stm32f1xx_it.o(i.UsageFault_Handler)
    PacketHandler::readPacket()              0x08001919   Thumb Code    20  comm.o(i._ZN13PacketHandler10readPacketEv)
    PacketHandler::PacketHandler(Queue*)     0x08001931   Thumb Code     4  comm.o(i._ZN13PacketHandlerC1EP5Queue)
    PacketHandler::PacketHandler__sub_object(Queue*) 0x08001931   Thumb Code     0  comm.o(i._ZN13PacketHandlerC1EP5Queue)
    PacketHandler::~PacketHandler()          0x08001935   Thumb Code     2  comm.o(i._ZN13PacketHandlerD1Ev)
    PacketHandler::~PacketHandler__sub_object() 0x08001935   Thumb Code     0  comm.o(i._ZN13PacketHandlerD1Ev)
    Queue::deQueue()                         0x08001c79   Thumb Code    52  comm.o(i._ZN5Queue7deQueueEv)
    Queue::enQueue(unsigned char*)           0x08001cad   Thumb Code    74  comm.o(i._ZN5Queue7enQueueEPh)
    Queue::loadArray(int, unsigned char*)    0x08001cf7   Thumb Code    26  comm.o(i._ZN5Queue9loadArrayEiPh)
    Queue::Queue()                           0x08001d11   Thumb Code    18  comm.o(i._ZN5QueueC1Ev)
    Queue::Queue__sub_object()               0x08001d11   Thumb Code     0  comm.o(i._ZN5QueueC1Ev)
    Stepper::setMode(unsigned char)          0x08001d25   Thumb Code    56  stepctrl.o(i._ZN7Stepper7setModeEh)
    Stepper::Stepper()                       0x08001d69   Thumb Code    14  stepctrl.o(i._ZN7StepperC1Ev)
    Stepper::Stepper__sub_object()           0x08001d69   Thumb Code     0  stepctrl.o(i._ZN7StepperC1Ev)
    __scatterload_copy                       0x08001d77   Thumb Code    14  handlers.o(i.__scatterload_copy)
    __scatterload_null                       0x08001d85   Thumb Code     2  handlers.o(i.__scatterload_null)
    __scatterload_zeroinit                   0x08001d87   Thumb Code    14  handlers.o(i.__scatterload_zeroinit)
    free                                     0x08001dd5   Thumb Code    76  malloc.o(i.free)
    initialSetup                             0x08001e25   Thumb Code    44  utility.o(i.initialSetup)
    main                                     0x08001e55   Thumb Code    46  main.o(i.main)
    malloc                                   0x08001e8d   Thumb Code    92  malloc.o(i.malloc)
    AHBPrescTable                            0x08001ef8   Data          16  system_stm32f1xx.o(.constdata)
    APBPrescTable                            0x08001f08   Data           8  system_stm32f1xx.o(.constdata)
    Region$$Table$$Base                      0x08001f10   Number         0  anon$$obj.o(Region$$Table)
    Region$$Table$$Limit                     0x08001f30   Number         0  anon$$obj.o(Region$$Table)
    SHT$$INIT_ARRAY$$Base                    0x08001f30   Number         0  main.o(.init_array)
    SHT$$INIT_ARRAY$$Limit                   0x08001f34   Number         0  cpp_init.o(.init_array)
    packet                                   0x20000000   Data           8  main.o(.data)
    bufferTX                                 0x20000008   Data          24  main.o(.data)
    uwTickFreq                               0x20000020   Data           1  stm32f1xx_hal.o(.data)
    uwTickPrio                               0x20000024   Data           4  stm32f1xx_hal.o(.data)
    uwTick                                   0x20000028   Data           4  stm32f1xx_hal.o(.data)
    SystemCoreClock                          0x2000002c   Data           4  system_stm32f1xx.o(.data)
    __microlib_freelist                      0x20000034   Data           4  mvars.o(.data)
    __microlib_freelist_initialised          0x20000038   Data           4  mvars.o(.data)
    huart1                                   0x2000003c   Data          64  main.o(.bss)
    commandPackets                           0x2000007c   Data         256  main.o(.bss)
    stepper                                  0x2000017c   Data          20  main.o(.bss)
    buffer_queue                             0x20000190   Data         256  main.o(.bss)
    bufferRX                                 0x20000290   Data          24  main.o(.bss)
    __heap_base                              0x200002a8   Data           0  startup_stm32f103xb.o(HEAP)
    __heap_limit                             0x200004a8   Data           0  startup_stm32f103xb.o(HEAP)
    __initial_sp                             0x200008a8   Data           0  startup_stm32f103xb.o(STACK)



==============================================================================

Memory Map of the image

  Image Entry point : 0x080000ed

  Load Region LR_IROM1 (Base: 0x08000000, Size: 0x00001f70, Max: 0x00010000, ABSOLUTE)

    Execution Region ER_IROM1 (Exec base: 0x08000000, Load base: 0x08000000, Size: 0x00001f34, Max: 0x00010000, ABSOLUTE)

    Exec Addr    Load Addr    Size         Type   Attr      Idx    E Section Name        Object

    0x08000000   0x08000000   0x000000ec   Data   RO            3    RESET               startup_stm32f103xb.o
    0x080000ec   0x080000ec   0x00000000   Code   RO         3904  * .ARM.Collect$$$$00000000  mc_w.l(entry.o)
    0x080000ec   0x080000ec   0x00000004   Code   RO         3924    .ARM.Collect$$$$00000001  mc_w.l(entry2.o)
    0x080000f0   0x080000f0   0x00000004   Code   RO         3927    .ARM.Collect$$$$00000004  mc_w.l(entry5.o)
    0x080000f4   0x080000f4   0x00000000   Code   RO         3929    .ARM.Collect$$$$00000008  mc_w.l(entry7b.o)
    0x080000f4   0x080000f4   0x00000004   Code   RO         3930    .ARM.Collect$$$$00000009  mc_w.l(entry8a.o)
    0x080000f8   0x080000f8   0x00000000   Code   RO         3931    .ARM.Collect$$$$0000000A  mc_w.l(entry8b.o)
    0x080000f8   0x080000f8   0x00000008   Code   RO         3932    .ARM.Collect$$$$0000000B  mc_w.l(entry9a.o)
    0x08000100   0x08000100   0x00000000   Code   RO         3934    .ARM.Collect$$$$0000000D  mc_w.l(entry10a.o)
    0x08000100   0x08000100   0x00000004   Code   RO         3935    .ARM.Collect$$$$0000000E  mc_w.l(entry10b.o)
    0x08000104   0x08000104   0x00000000   Code   RO         3936    .ARM.Collect$$$$0000000F  mc_w.l(entry11a.o)
    0x08000104   0x08000104   0x00000004   Code   RO         3925    .ARM.Collect$$$$00002712  mc_w.l(entry2.o)
    0x08000108   0x08000108   0x00000024   Code   RO            4    .text               startup_stm32f103xb.o
    0x0800012c   0x0800012c   0x00000024   Code   RO         3909    .text               mc_w.l(memseta.o)
    0x08000150   0x08000150   0x00000020   Code   RO         3914    .text               mc_w.l(cpp_init.o)
    0x08000170   0x08000170   0x0000002e   Code   RO         3916    .text               mc_w.l(aeabi_atexit.o)
    0x0800019e   0x0800019e   0x00000038   Code   RO         3922    .text               mf_w.l(d2f.o)
    0x080001d6   0x080001d6   0x00000000   Code   RO         3966    .text               mc_w.l(iusefp.o)
    0x080001d6   0x080001d6   0x00000002   PAD
    0x080001d8   0x080001d8   0x00000008   Code   RO         3967    .text               mc_w.l(cpp_dtor.o)
    0x080001e0   0x080001e0   0x00000042   Code   RO         3970    .text               mc_w.l(cxa_finalize.o)
    0x08000222   0x08000222   0x0000006e   Code   RO         3972    .text               mf_w.l(fepilogue.o)
    0x08000290   0x08000290   0x00000024   Code   RO         3974    .text               mc_w.l(init.o)
    0x080002b4   0x080002b4   0x00000002   Code   RO         3982    .text               mc_w.l(cpp_final.o)
    0x080002b6   0x080002b6   0x00000002   PAD
    0x080002b8   0x080002b8   0x0000004c   Code   RO          458    i.ADC_ConversionStop_Disable  stm32f1xx_hal_adc.o
    0x08000304   0x08000304   0x00000002   Code   RO           13    i.BusFault_Handler  stm32f1xx_it.o
    0x08000306   0x08000306   0x00000002   Code   RO           14    i.DebugMon_Handler  stm32f1xx_it.o
    0x08000308   0x08000308   0x000000fc   Code   RO          464    i.HAL_ADC_ConfigChannel  stm32f1xx_hal_adc.o
    0x08000404   0x08000404   0x0000011c   Code   RO          473    i.HAL_ADC_Init      stm32f1xx_hal_adc.o
    0x08000520   0x08000520   0x00000028   Code   RO          203    i.HAL_ADC_MspInit   stm32f1xx_hal_msp.o
    0x08000548   0x08000548   0x00000098   Code   RO         1203    i.HAL_DMA_Abort_IT  stm32f1xx_hal_dma.o
    0x080005e0   0x080005e0   0x00000024   Code   RO          781    i.HAL_Delay         stm32f1xx_hal.o
    0x08000604   0x08000604   0x000001e0   Code   RO         1131    i.HAL_GPIO_Init     stm32f1xx_hal_gpio.o
    0x080007e4   0x080007e4   0x0000000a   Code   RO         1135    i.HAL_GPIO_WritePin  stm32f1xx_hal_gpio.o
    0x080007ee   0x080007ee   0x00000002   PAD
    0x080007f0   0x080007f0   0x0000000c   Code   RO          785    i.HAL_GetTick       stm32f1xx_hal.o
    0x080007fc   0x080007fc   0x00000010   Code   RO          791    i.HAL_IncTick       stm32f1xx_hal.o
    0x0800080c   0x0800080c   0x00000024   Code   RO          792    i.HAL_Init          stm32f1xx_hal.o
    0x08000830   0x08000830   0x00000040   Code   RO          793    i.HAL_InitTick      stm32f1xx_hal.o
    0x08000870   0x08000870   0x0000003c   Code   RO          204    i.HAL_MspInit       stm32f1xx_hal_msp.o
    0x080008ac   0x080008ac   0x0000001a   Code   RO         1312    i.HAL_NVIC_EnableIRQ  stm32f1xx_hal_cortex.o
    0x080008c6   0x080008c6   0x00000002   PAD
    0x080008c8   0x080008c8   0x00000040   Code   RO         1318    i.HAL_NVIC_SetPriority  stm32f1xx_hal_cortex.o
    0x08000908   0x08000908   0x00000024   Code   RO         1319    i.HAL_NVIC_SetPriorityGrouping  stm32f1xx_hal_cortex.o
    0x0800092c   0x0800092c   0x000000ec   Code   RO         1091    i.HAL_RCCEx_PeriphCLKConfig  stm32f1xx_hal_rcc_ex.o
    0x08000a18   0x08000a18   0x0000012c   Code   RO          974    i.HAL_RCC_ClockConfig  stm32f1xx_hal_rcc.o
    0x08000b44   0x08000b44   0x00000020   Code   RO          981    i.HAL_RCC_GetPCLK1Freq  stm32f1xx_hal_rcc.o
    0x08000b64   0x08000b64   0x00000020   Code   RO          982    i.HAL_RCC_GetPCLK2Freq  stm32f1xx_hal_rcc.o
    0x08000b84   0x08000b84   0x0000006c   Code   RO          983    i.HAL_RCC_GetSysClockFreq  stm32f1xx_hal_rcc.o
    0x08000bf0   0x08000bf0   0x00000320   Code   RO          986    i.HAL_RCC_OscConfig  stm32f1xx_hal_rcc.o
    0x08000f10   0x08000f10   0x0000007c   Code   RO         1892    i.HAL_SPI_Init      stm32f1xx_hal_spi.o
    0x08000f8c   0x08000f8c   0x00000070   Code   RO          206    i.HAL_SPI_MspInit   stm32f1xx_hal_msp.o
    0x08000ffc   0x08000ffc   0x00000028   Code   RO         1323    i.HAL_SYSTICK_Config  stm32f1xx_hal_cortex.o
    0x08001024   0x08001024   0x00000042   Code   RO         3065    i.HAL_TIMEx_MasterConfigSynchronization  stm32f1xx_hal_tim_ex.o
    0x08001066   0x08001066   0x00000036   Code   RO         2260    i.HAL_TIM_Base_Init  stm32f1xx_hal_tim.o
    0x0800109c   0x0800109c   0x00000024   Code   RO          208    i.HAL_TIM_Base_MspInit  stm32f1xx_hal_msp.o
    0x080010c0   0x080010c0   0x000000d6   Code   RO         2269    i.HAL_TIM_ConfigClockSource  stm32f1xx_hal_tim.o
    0x08001196   0x08001196   0x00000002   PAD
    0x08001198   0x08001198   0x00000048   Code   RO          209    i.HAL_TIM_MspPostInit  stm32f1xx_hal_msp.o
    0x080011e0   0x080011e0   0x000000d0   Code   RO         2327    i.HAL_TIM_PWM_ConfigChannel  stm32f1xx_hal_tim.o
    0x080012b0   0x080012b0   0x00000036   Code   RO         2330    i.HAL_TIM_PWM_Init  stm32f1xx_hal_tim.o
    0x080012e6   0x080012e6   0x00000002   Code   RO         2332    i.HAL_TIM_PWM_MspInit  stm32f1xx_hal_tim.o
    0x080012e8   0x080012e8   0x00000002   Code   RO         3358    i.HAL_UART_ErrorCallback  stm32f1xx_hal_uart.o
    0x080012ea   0x080012ea   0x00000002   PAD
    0x080012ec   0x080012ec   0x00000110   Code   RO         3361    i.HAL_UART_IRQHandler  stm32f1xx_hal_uart.o
    0x080013fc   0x080013fc   0x00000062   Code   RO         3362    i.HAL_UART_Init     stm32f1xx_hal_uart.o
    0x0800145e   0x0800145e   0x00000002   PAD
    0x08001460   0x08001460   0x00000090   Code   RO          211    i.HAL_UART_MspInit  stm32f1xx_hal_msp.o
    0x080014f0   0x080014f0   0x00000052   Code   RO         3367    i.HAL_UART_Receive_IT  stm32f1xx_hal_uart.o
    0x08001542   0x08001542   0x00000002   Code   RO         3368    i.HAL_UART_RxCpltCallback  stm32f1xx_hal_uart.o
    0x08001544   0x08001544   0x0000003e   Code   RO         3372    i.HAL_UART_Transmit_IT  stm32f1xx_hal_uart.o
    0x08001582   0x08001582   0x00000002   Code   RO         3373    i.HAL_UART_TxCpltCallback  stm32f1xx_hal_uart.o
    0x08001584   0x08001584   0x00000002   Code   RO           15    i.HardFault_Handler  stm32f1xx_it.o
    0x08001586   0x08001586   0x00000002   PAD
    0x08001588   0x08001588   0x00000044   Code   RO          291    i.MX_ADC1_Init      utility.o
    0x080015cc   0x080015cc   0x000000ac   Code   RO          292    i.MX_GPIO_Init      utility.o
    0x08001678   0x08001678   0x0000003c   Code   RO          293    i.MX_SPI1_Init      utility.o
    0x080016b4   0x080016b4   0x00000072   Code   RO          294    i.MX_TIM2_Init      utility.o
    0x08001726   0x08001726   0x00000002   PAD
    0x08001728   0x08001728   0x00000028   Code   RO          295    i.MX_USART1_UART_Init  utility.o
    0x08001750   0x08001750   0x00000002   Code   RO           16    i.MemManage_Handler  stm32f1xx_it.o
    0x08001752   0x08001752   0x00000002   Code   RO           17    i.NMI_Handler       stm32f1xx_it.o
    0x08001754   0x08001754   0x00000002   Code   RO           18    i.PendSV_Handler    stm32f1xx_it.o
    0x08001756   0x08001756   0x00000002   Code   RO           19    i.SVC_Handler       stm32f1xx_it.o
    0x08001758   0x08001758   0x00000004   Code   RO           20    i.SysTick_Handler   stm32f1xx_it.o
    0x0800175c   0x0800175c   0x00000060   Code   RO          296    i.SystemClock_Config  utility.o
    0x080017bc   0x080017bc   0x00000048   Code   RO         3718    i.SystemInit        system_stm32f1xx.o
    0x08001804   0x08001804   0x0000006c   Code   RO         2348    i.TIM_Base_SetConfig  stm32f1xx_hal_tim.o
    0x08001870   0x08001870   0x00000014   Code   RO         2355    i.TIM_ETR_SetConfig  stm32f1xx_hal_tim.o
    0x08001884   0x08001884   0x00000058   Code   RO         2356    i.TIM_OC2_SetConfig  stm32f1xx_hal_tim.o
    0x080018dc   0x080018dc   0x00000038   Code   RO           21    i.USART1_IRQHandler  stm32f1xx_it.o
    0x08001914   0x08001914   0x00000002   Code   RO           22    i.UsageFault_Handler  stm32f1xx_it.o
    0x08001916   0x08001916   0x00000002   PAD
    0x08001918   0x08001918   0x00000018   Code   RO         3754    i._ZN13PacketHandler10readPacketEv  comm.o
    0x08001930   0x08001930   0x00000004   Code   RO         3755    i._ZN13PacketHandlerC1EP5Queue  comm.o
    0x08001934   0x08001934   0x00000002   Code   RO         3756    i._ZN13PacketHandlerD1Ev  comm.o
    0x08001936   0x08001936   0x00000002   PAD
    0x08001938   0x08001938   0x00000050   Code   RO         2358    i._ZN41_INTERNAL_19_stm32f1xx_hal_tim_c_a9d95b5217TIM_OC1_SetConfigEP11TIM_TypeDefP18TIM_OC_InitTypeDef  stm32f1xx_hal_tim.o
    0x08001988   0x08001988   0x00000058   Code   RO         2359    i._ZN41_INTERNAL_19_stm32f1xx_hal_tim_c_a9d95b5217TIM_OC3_SetConfigEP11TIM_TypeDefP18TIM_OC_InitTypeDef  stm32f1xx_hal_tim.o
    0x080019e0   0x080019e0   0x00000044   Code   RO         2360    i._ZN41_INTERNAL_19_stm32f1xx_hal_tim_c_a9d95b5217TIM_OC4_SetConfigEP11TIM_TypeDefP18TIM_OC_InitTypeDef  stm32f1xx_hal_tim.o
    0x08001a24   0x08001a24   0x00000010   Code   RO         2363    i._ZN41_INTERNAL_19_stm32f1xx_hal_tim_c_a9d95b5218TIM_ITRx_SetConfigEP11TIM_TypeDefj  stm32f1xx_hal_tim.o
    0x08001a34   0x08001a34   0x00000022   Code   RO         2367    i._ZN41_INTERNAL_19_stm32f1xx_hal_tim_c_a9d95b5224TIM_TI1_ConfigInputStageEP11TIM_TypeDefjj  stm32f1xx_hal_tim.o
    0x08001a56   0x08001a56   0x00000024   Code   RO         2368    i._ZN41_INTERNAL_19_stm32f1xx_hal_tim_c_a9d95b5224TIM_TI2_ConfigInputStageEP11TIM_TypeDefjj  stm32f1xx_hal_tim.o
    0x08001a7a   0x08001a7a   0x00000002   PAD
    0x08001a7c   0x08001a7c   0x000000b8   Code   RO         3376    i._ZN42_INTERNAL_20_stm32f1xx_hal_uart_c_d497114f14UART_SetConfigEP20__UART_HandleTypeDef  stm32f1xx_hal_uart.o
    0x08001b34   0x08001b34   0x00000096   Code   RO         3377    i._ZN42_INTERNAL_20_stm32f1xx_hal_uart_c_d497114f15UART_Receive_ITEP20__UART_HandleTypeDef  stm32f1xx_hal_uart.o
    0x08001bca   0x08001bca   0x00000062   Code   RO         3378    i._ZN42_INTERNAL_20_stm32f1xx_hal_uart_c_d497114f16UART_Transmit_ITEP20__UART_HandleTypeDef  stm32f1xx_hal_uart.o
    0x08001c2c   0x08001c2c   0x0000001c   Code   RO         3381    i._ZN42_INTERNAL_20_stm32f1xx_hal_uart_c_d497114f18UART_EndRxTransferEP20__UART_HandleTypeDef  stm32f1xx_hal_uart.o
    0x08001c48   0x08001c48   0x00000010   Code   RO         3384    i._ZN42_INTERNAL_20_stm32f1xx_hal_uart_c_d497114f20UART_DMAAbortOnErrorEP19__DMA_HandleTypeDef  stm32f1xx_hal_uart.o
    0x08001c58   0x08001c58   0x00000020   Code   RO         1325    i._ZN44_INTERNAL_22_stm32f1xx_hal_cortex_c_2992dbc018__NVIC_SetPriorityE9IRQn_Typej  stm32f1xx_hal_cortex.o
    0x08001c78   0x08001c78   0x00000034   Code   RO         3757    i._ZN5Queue7deQueueEv  comm.o
    0x08001cac   0x08001cac   0x0000004a   Code   RO         3758    i._ZN5Queue7enQueueEPh  comm.o
    0x08001cf6   0x08001cf6   0x0000001a   Code   RO         3759    i._ZN5Queue9loadArrayEiPh  comm.o
    0x08001d10   0x08001d10   0x00000012   Code   RO         3760    i._ZN5QueueC1Ev     comm.o
    0x08001d22   0x08001d22   0x00000002   PAD
    0x08001d24   0x08001d24   0x00000044   Code   RO         3831    i._ZN7Stepper7setModeEh  stepctrl.o
    0x08001d68   0x08001d68   0x0000000e   Code   RO         3832    i._ZN7StepperC1Ev   stepctrl.o
    0x08001d76   0x08001d76   0x0000000e   Code   RO         3986    i.__scatterload_copy  mc_w.l(handlers.o)
    0x08001d84   0x08001d84   0x00000002   Code   RO         3987    i.__scatterload_null  mc_w.l(handlers.o)
    0x08001d86   0x08001d86   0x0000000e   Code   RO         3988    i.__scatterload_zeroinit  mc_w.l(handlers.o)
    0x08001d94   0x08001d94   0x00000040   Code   RO          371    i.__sti___8_main_cpp_bufferTX  main.o
    0x08001dd4   0x08001dd4   0x00000050   Code   RO         3938    i.free              mc_w.l(malloc.o)
    0x08001e24   0x08001e24   0x00000030   Code   RO          298    i.initialSetup      utility.o
    0x08001e54   0x08001e54   0x00000038   Code   RO          372    i.main              main.o
    0x08001e8c   0x08001e8c   0x0000006c   Code   RO         3939    i.malloc            mc_w.l(malloc.o)
    0x08001ef8   0x08001ef8   0x00000010   Data   RO         3721    .constdata          system_stm32f1xx.o
    0x08001f08   0x08001f08   0x00000008   Data   RO         3722    .constdata          system_stm32f1xx.o
    0x08001f10   0x08001f10   0x00000020   Data   RO         3984    Region$$Table       anon$$obj.o
    0x08001f30   0x08001f30   0x00000004   Data   RO          378    .init_array         main.o
    0x08001f34   0x08001f30   0x00000000   Data   RO         3912    .init_array         mc_w.l(cpp_init.o)


    Execution Region RW_IRAM1 (Exec base: 0x20000000, Load base: 0x08001f34, Size: 0x000008a8, Max: 0x00005000, ABSOLUTE)

    Exec Addr    Load Addr    Size         Type   Attr      Idx    E Section Name        Object

    0x20000000   0x08001f34   0x00000020   Data   RW          377    .data               main.o
    0x20000020   0x08001f54   0x0000000c   Data   RW          824    .data               stm32f1xx_hal.o
    0x2000002c   0x08001f60   0x00000004   Data   RW         3723    .data               system_stm32f1xx.o
    0x20000030   0x08001f64   0x00000004   Data   RW         3968    .data               mc_w.l(cpp_dtor.o)
    0x20000034   0x08001f68   0x00000004   Data   RW         3980    .data               mc_w.l(mvars.o)
    0x20000038   0x08001f6c   0x00000004   Data   RW         3981    .data               mc_w.l(mvars.o)
    0x2000003c        -       0x00000254   Zero   RW          375    .bss                main.o
    0x20000290        -       0x00000018   Zero   RW          376    .bss                main.o
    0x200002a8        -       0x00000200   Zero   RW            2    HEAP                startup_stm32f103xb.o
    0x200004a8        -       0x00000400   Zero   RW            1    STACK               startup_stm32f103xb.o


==============================================================================

Image component sizes


      Code (inc. data)   RO Data    RW Data    ZI Data      Debug   Object Name

       200          4          0          0          0       7057   comm.o
       120         30          4         32        620       2096   main.o
        36          8        236          0       1536        772   startup_stm32f103xb.o
        82         12          0          0          0       1620   stepctrl.o
       164         28          0         12          0       5681   stm32f1xx_hal.o
       612         24          0          0          0       3200   stm32f1xx_hal_adc.o
       198         14          0          0          0      28767   stm32f1xx_hal_cortex.o
       152          4          0          0          0       1067   stm32f1xx_hal_dma.o
       490         34          0          0          0       2828   stm32f1xx_hal_gpio.o
       464         64          0          0          0       3818   stm32f1xx_hal_msp.o
      1272         98          0          0          0       5036   stm32f1xx_hal_rcc.o
       236         12          0          0          0       1348   stm32f1xx_hal_rcc_ex.o
       124          0          0          0          0       1163   stm32f1xx_hal_spi.o
      1070         34          0          0          0      10300   stm32f1xx_hal_tim.o
        66          0          0          0          0       1268   stm32f1xx_hal_tim_ex.o
       996         12          0          0          0       8216   stm32f1xx_hal_uart.o
        76         12          0          0          0     447014   stm32f1xx_it.o
        72         16         24          4          0       1095   system_stm32f1xx.o
       598         32          0          0          0       4001   utility.o

    ----------------------------------------------------------------------
      7050        438        296         48       2156     536347   Object Totals
         0          0         32          0          0          0   (incl. Generated)
        22          0          0          0          0          0   (incl. Padding)

    ----------------------------------------------------------------------

      Code (inc. data)   RO Data    RW Data    ZI Data      Debug   Library Member Name

        46          0          0          0          0         84   aeabi_atexit.o
         8          4          0          4          0         68   cpp_dtor.o
         2          0          0          0          0         68   cpp_final.o
        32         10          0          0          0         80   cpp_init.o
        66          0          0          0          0         84   cxa_finalize.o
         0          0          0          0          0          0   entry.o
         0          0          0          0          0          0   entry10a.o
         4          0          0          0          0          0   entry10b.o
         0          0          0          0          0          0   entry11a.o
         8          4          0          0          0          0   entry2.o
         4          0          0          0          0          0   entry5.o
         0          0          0          0          0          0   entry7b.o
         4          0          0          0          0          0   entry8a.o
         0          0          0          0          0          0   entry8b.o
         8          4          0          0          0          0   entry9a.o
        30          0          0          0          0          0   handlers.o
        36          8          0          0          0         68   init.o
         0          0          0          0          0          0   iusefp.o
       188         20          0          0          0        160   malloc.o
        36          0          0          0          0        108   memseta.o
         0          0          0          8          0          0   mvars.o
        56          0          0          0          0         88   d2f.o
       110          0          0          0          0        168   fepilogue.o

    ----------------------------------------------------------------------
       642         50          0         12          0        976   Library Totals
         4          0          0          0          0          0   (incl. Padding)

    ----------------------------------------------------------------------

      Code (inc. data)   RO Data    RW Data    ZI Data      Debug   Library Name

       472         50          0         12          0        720   mc_w.l
       166          0          0          0          0        256   mf_w.l

    ----------------------------------------------------------------------
       642         50          0         12          0        976   Library Totals

    ----------------------------------------------------------------------

==============================================================================


      Code (inc. data)   RO Data    RW Data    ZI Data      Debug   

      7692        488        296         60       2156     532847   Grand Totals
      7692        488        296         60       2156     532847   ELF Image Totals
      7692        488        296         60          0          0   ROM Totals

==============================================================================

    Total RO  Size (Code + RO Data)                 7988 (   7.80kB)
    Total RW  Size (RW Data + ZI Data)              2216 (   2.16kB)
    Total ROM Size (Code + RO Data + RW Data)       8048 (   7.86kB)

==============================================================================

